<?xml version="1.0" encoding="utf-8"?>
<TestRun id="187b05e3-5090-4a50-9460-436bddb27a0c" name="punko@SURFACE0326 2026-03-03 14:49:28" runUser="SURFACE0326\punko" xmlns="http://microsoft.com/schemas/VisualStudio/TeamTest/2010">
  <Times creation="2026-03-03T14:49:28.1117622-05:00" queuing="2026-03-03T14:49:28.1117622-05:00" start="2026-03-03T14:49:19.9063063-05:00" finish="2026-03-03T14:49:28.7596730-05:00" />
  <TestSettings name="default" id="3a21de01-227a-4ec4-959d-1d73b804b07d">
    <Deployment runDeploymentRoot="punko_SURFACE0326_2026-03-03_14_49_28" />
  </TestSettings>
  <Results>
    <UnitTestResult executionId="009be317-c6fe-490d-9617-ae10c474336d" testId="8550f357-2f1f-5ef7-0ea7-82033613f963" testName="PoMiniApps.UnitTests.Models.TopicExtensionsTests.GetColor_Food_ReturnsOrange" computerName="SURFACE0326" duration="00:00:01.5684000" startTime="2026-03-03T14:49:26.5096492-05:00" endTime="2026-03-03T14:49:28.0882137-05:00" testType="13cdc9d9-ddb5-4fa4-a97d-d965ccfc6d4b" outcome="Passed" testListId="8c84fa94-04c1-424b-9868-57a2d4851a1d" relativeResultsDirectory="009be317-c6fe-490d-9617-ae10c474336d" />
    <UnitTestResult executionId="dd9f5750-9d82-43d6-828f-be806a132624" testId="e79f8d2e-fb60-d623-db56-368efd16eb93" testName="PoMiniApps.UnitTests.Services.TranslationServiceTests.Constructor_WithValidConfiguration_LogsInitialization" computerName="SURFACE0326" duration="00:00:00.0014152" startTime="2026-03-03T14:49:28.6920658-05:00" endTime="2026-03-03T14:49:28.6935056-05:00" testType="13cdc9d9-ddb5-4fa4-a97d-d965ccfc6d4b" outcome="Passed" testListId="8c84fa94-04c1-424b-9868-57a2d4851a1d" relativeResultsDirectory="dd9f5750-9d82-43d6-828f-be806a132624" />
    <UnitTestResult executionId="102dfc0d-f620-47e2-b81a-ad6fe5ba5a38" testId="8498db25-bd9c-ab2c-4237-10a7871c4242" testName="PoMiniApps.UnitTests.Services.AzureOpenAIServiceTests.IsConfigured_WhenEndpointIsMissing_ReturnsFalse" computerName="SURFACE0326" duration="00:00:00.0003886" startTime="2026-03-03T14:49:28.6907613-05:00" endTime="2026-03-03T14:49:28.6911781-05:00" testType="13cdc9d9-ddb5-4fa4-a97d-d965ccfc6d4b" outcome="Passed" testListId="8c84fa94-04c1-424b-9868-57a2d4851a1d" relativeResultsDirectory="102dfc0d-f620-47e2-b81a-ad6fe5ba5a38" />
    <UnitTestResult executionId="67c8156d-576e-4e37-bc99-8c7765d3e79e" testId="499f8bf2-da33-0493-8a16-159bf7a17541" testName="PoMiniApps.UnitTests.Services.InputValidatorTests.ValidateDebateInput_InvalidInput_ReturnsFailure(r1: &quot;r1&quot;, r2: null, topic: &quot;topic&quot;, expectedError: &quot;Rapper 2 must be selected.&quot;)" computerName="SURFACE0326" duration="00:00:00.0000170" startTime="2026-03-03T14:49:28.0917367-05:00" endTime="2026-03-03T14:49:28.0917685-05:00" testType="13cdc9d9-ddb5-4fa4-a97d-d965ccfc6d4b" outcome="Passed" testListId="8c84fa94-04c1-424b-9868-57a2d4851a1d" relativeResultsDirectory="67c8156d-576e-4e37-bc99-8c7765d3e79e" />
    <UnitTestResult executionId="0e0b327e-d33c-4726-a7f5-f179c597e1a0" testId="2a8a97e1-36f9-850b-d757-81822e07b08b" testName="PoMiniApps.UnitTests.Services.InputValidatorTests.ValidateDebateInput_InvalidInput_ReturnsFailure(r1: &quot;r1&quot;, r2: &quot;r2&quot;, topic: null, expectedError: &quot;Topic must be selected.&quot;)" computerName="SURFACE0326" duration="00:00:00.0000205" startTime="2026-03-03T14:49:28.0921070-05:00" endTime="2026-03-03T14:49:28.0921475-05:00" testType="13cdc9d9-ddb5-4fa4-a97d-d965ccfc6d4b" outcome="Passed" testListId="8c84fa94-04c1-424b-9868-57a2d4851a1d" relativeResultsDirectory="0e0b327e-d33c-4726-a7f5-f179c597e1a0" />
    <UnitTestResult executionId="ebec5991-5add-4395-bcb0-23354e13a849" testId="b53971b8-8fed-d792-a0de-52e2378ba12f" testName="PoMiniApps.UnitTests.Services.TranslationServiceTests.TranslateToVictorianEnglishAsync_WithWhitespaceInput_ThrowsArgumentException(input: &quot;\t&quot;)" computerName="SURFACE0326" duration="00:00:00.0002662" startTime="2026-03-03T14:49:28.6915626-05:00" endTime="2026-03-03T14:49:28.6918447-05:00" testType="13cdc9d9-ddb5-4fa4-a97d-d965ccfc6d4b" outcome="Passed" testListId="8c84fa94-04c1-424b-9868-57a2d4851a1d" relativeResultsDirectory="ebec5991-5add-4395-bcb0-23354e13a849" />
    <UnitTestResult executionId="fdee600c-52c3-4593-a594-e72141d21ee4" testId="fda9b929-d86b-aaa8-589f-d4f3ac62b530" testName="PoMiniApps.UnitTests.Services.SpeechConfigValidatorTests.IsValid_WithMissingSettings_ReturnsFalse(key: &quot;&quot;, region: &quot;eastus&quot;)" computerName="SURFACE0326" duration="00:00:00.0000159" startTime="2026-03-03T14:49:28.0921070-05:00" endTime="2026-03-03T14:49:28.0921440-05:00" testType="13cdc9d9-ddb5-4fa4-a97d-d965ccfc6d4b" outcome="Passed" testListId="8c84fa94-04c1-424b-9868-57a2d4851a1d" relativeResultsDirectory="fdee600c-52c3-4593-a594-e72141d21ee4" />
    <UnitTestResult executionId="90beef00-7e37-40de-ac67-e54af4e249ff" testId="822ae26b-95d8-d817-b1d8-cd2082d3f86a" testName="PoMiniApps.UnitTests.Services.SpeechConfigValidatorTests.IsValid_WithMissingSettings_ReturnsFalse(key: null, region: &quot;eastus&quot;)" computerName="SURFACE0326" duration="00:00:01.5700916" startTime="2026-03-03T14:49:26.5096011-05:00" endTime="2026-03-03T14:49:28.0880620-05:00" testType="13cdc9d9-ddb5-4fa4-a97d-d965ccfc6d4b" outcome="Passed" testListId="8c84fa94-04c1-424b-9868-57a2d4851a1d" relativeResultsDirectory="90beef00-7e37-40de-ac67-e54af4e249ff" />
    <UnitTestResult executionId="1b49e003-f05a-4d62-b317-5fe713bdf107" testId="f54d7526-2684-ed1a-d7fc-fb757e62d496" testName="PoMiniApps.UnitTests.Services.NewsServiceTests.GetTopHeadlinesAsync_WithValidApiKeyAndResponse_ReturnsNewsHeadlines" computerName="SURFACE0326" duration="00:00:00.0010682" startTime="2026-03-03T14:49:28.7032986-05:00" endTime="2026-03-03T14:49:28.7043973-05:00" testType="13cdc9d9-ddb5-4fa4-a97d-d965ccfc6d4b" outcome="Passed" testListId="8c84fa94-04c1-424b-9868-57a2d4851a1d" relativeResultsDirectory="1b49e003-f05a-4d62-b317-5fe713bdf107" />
    <UnitTestResult executionId="4cf61d56-d829-4ed9-932b-1c1395cbaa76" testId="8e9c2fce-f2a7-3320-3fc0-ba0fdf00951c" testName="PoMiniApps.UnitTests.Services.SpeechConfigValidatorTests.IsValid_WithMissingSettings_ReturnsFalse(key: &quot;key&quot;, region: null)" computerName="SURFACE0326" duration="00:00:00.0002390" startTime="2026-03-03T14:49:28.0911913-05:00" endTime="2026-03-03T14:49:28.0914606-05:00" testType="13cdc9d9-ddb5-4fa4-a97d-d965ccfc6d4b" outcome="Passed" testListId="8c84fa94-04c1-424b-9868-57a2d4851a1d" relativeResultsDirectory="4cf61d56-d829-4ed9-932b-1c1395cbaa76" />
    <UnitTestResult executionId="1e4e0028-ad42-4a63-81f0-09946f3d6c31" testId="b56927ed-7aab-57fb-b105-bb9e9379a94d" testName="PoMiniApps.UnitTests.Services.InputValidatorTests.ValidateLyricsInput_EmptyTitle_ReturnsFailure" computerName="SURFACE0326" duration="00:00:00.0001459" startTime="2026-03-03T14:49:28.0923354-05:00" endTime="2026-03-03T14:49:28.0924977-05:00" testType="13cdc9d9-ddb5-4fa4-a97d-d965ccfc6d4b" outcome="Passed" testListId="8c84fa94-04c1-424b-9868-57a2d4851a1d" relativeResultsDirectory="1e4e0028-ad42-4a63-81f0-09946f3d6c31" />
    <UnitTestResult executionId="3d45cbb0-f332-4ff0-b549-85af25919e95" testId="e7ea4f71-b273-f0a3-2523-8a87e7be8c86" testName="PoMiniApps.UnitTests.Services.InputValidatorTests.ValidateDebateInput_InvalidInput_ReturnsFailure(r1: &quot;same&quot;, r2: &quot;same&quot;, topic: &quot;topic&quot;, expectedError: &quot;Rappers must be different.&quot;)" computerName="SURFACE0326" duration="00:00:01.5699066" startTime="2026-03-03T14:49:26.5095861-05:00" endTime="2026-03-03T14:49:28.0835059-05:00" testType="13cdc9d9-ddb5-4fa4-a97d-d965ccfc6d4b" outcome="Passed" testListId="8c84fa94-04c1-424b-9868-57a2d4851a1d" relativeResultsDirectory="3d45cbb0-f332-4ff0-b549-85af25919e95" />
    <UnitTestResult executionId="7d77e819-5822-4df7-9933-832afc25bba1" testId="5c0012e8-9326-4293-b9ff-6e13dd1a881c" testName="PoMiniApps.UnitTests.Services.AzureOpenAIServiceTests.Constructor_WithMissingEndpoint_MarksServiceAsUnconfigured" computerName="SURFACE0326" duration="00:00:00.0012183" startTime="2026-03-03T14:49:28.6914358-05:00" endTime="2026-03-03T14:49:28.6926896-05:00" testType="13cdc9d9-ddb5-4fa4-a97d-d965ccfc6d4b" outcome="Passed" testListId="8c84fa94-04c1-424b-9868-57a2d4851a1d" relativeResultsDirectory="7d77e819-5822-4df7-9933-832afc25bba1" />
    <UnitTestResult executionId="75bd4931-a648-48c2-b20a-249b206c2e11" testId="462f505f-7488-6361-0cb3-0d9fb08f7453" testName="PoMiniApps.UnitTests.Services.InputValidatorTests.ValidateTranslationInput_EmptyText_ReturnsFailure" computerName="SURFACE0326" duration="00:00:00.0000516" startTime="2026-03-03T14:49:28.0930352-05:00" endTime="2026-03-03T14:49:28.0930983-05:00" testType="13cdc9d9-ddb5-4fa4-a97d-d965ccfc6d4b" outcome="Passed" testListId="8c84fa94-04c1-424b-9868-57a2d4851a1d" relativeResultsDirectory="75bd4931-a648-48c2-b20a-249b206c2e11" />
    <UnitTestResult executionId="a7871e09-99e3-4712-8b43-7584fa88c60b" testId="e5697d8f-e8a9-4281-24bb-38ed5f8beb21" testName="PoMiniApps.UnitTests.Services.NewsServiceTests.GetTopHeadlinesAsync_RespectsCountParameter" computerName="SURFACE0326" duration="00:00:00.0801397" startTime="2026-03-03T14:49:28.6206610-05:00" endTime="2026-03-03T14:49:28.7008290-05:00" testType="13cdc9d9-ddb5-4fa4-a97d-d965ccfc6d4b" outcome="Passed" testListId="8c84fa94-04c1-424b-9868-57a2d4851a1d" relativeResultsDirectory="a7871e09-99e3-4712-8b43-7584fa88c60b" />
    <UnitTestResult executionId="c955ae93-c7af-4c1c-bbcc-34b822838064" testId="69b70b26-e580-f69b-680b-80b9e0611bc4" testName="PoMiniApps.UnitTests.Factories.DebateStateFactoryTests.CreateEmpty_ReturnsDefaultState" computerName="SURFACE0326" duration="00:00:01.5689538" startTime="2026-03-03T14:49:26.5096118-05:00" endTime="2026-03-03T14:49:28.0879936-05:00" testType="13cdc9d9-ddb5-4fa4-a97d-d965ccfc6d4b" outcome="Passed" testListId="8c84fa94-04c1-424b-9868-57a2d4851a1d" relativeResultsDirectory="c955ae93-c7af-4c1c-bbcc-34b822838064" />
    <UnitTestResult executionId="bcf4c8cb-98f5-4235-bd26-3b50461362f0" testId="44385cc3-5833-4594-f707-9ea8691a0563" testName="PoMiniApps.UnitTests.Services.AzureOpenAIServiceTests.Constructor_LogsWarningWhenNotConfigured" computerName="SURFACE0326" duration="00:00:00.0013621" startTime="2026-03-03T14:49:28.6839435-05:00" endTime="2026-03-03T14:49:28.6853399-05:00" testType="13cdc9d9-ddb5-4fa4-a97d-d965ccfc6d4b" outcome="Passed" testListId="8c84fa94-04c1-424b-9868-57a2d4851a1d" relativeResultsDirectory="bcf4c8cb-98f5-4235-bd26-3b50461362f0" />
    <UnitTestResult executionId="0defa96e-c08a-4669-82ee-f00e66783f0e" testId="ad73070d-06fb-029e-b085-4d7fe577322d" testName="PoMiniApps.UnitTests.Services.DebateMetricsTests.RecordDebateStarted_DoesNotThrow" computerName="SURFACE0326" duration="00:00:01.5758622" startTime="2026-03-03T14:49:26.5095855-05:00" endTime="2026-03-03T14:49:28.0888266-05:00" testType="13cdc9d9-ddb5-4fa4-a97d-d965ccfc6d4b" outcome="Passed" testListId="8c84fa94-04c1-424b-9868-57a2d4851a1d" relativeResultsDirectory="0defa96e-c08a-4669-82ee-f00e66783f0e" />
    <UnitTestResult executionId="0ff1bd96-4691-42f8-b8c0-4f609be05b3c" testId="e407e186-7dc0-16c9-748e-b3b4ecc05b57" testName="PoMiniApps.UnitTests.Services.DebateOrchestratorTests.CurrentState_Initially_IsEmpty" computerName="SURFACE0326" duration="00:00:00.0004917" startTime="2026-03-03T14:49:28.1251272-05:00" endTime="2026-03-03T14:49:28.1256436-05:00" testType="13cdc9d9-ddb5-4fa4-a97d-d965ccfc6d4b" outcome="Passed" testListId="8c84fa94-04c1-424b-9868-57a2d4851a1d" relativeResultsDirectory="0ff1bd96-4691-42f8-b8c0-4f609be05b3c" />
    <UnitTestResult executionId="9bc2c06f-0b23-46c5-82e8-257c3ff02c14" testId="9bf1a2f0-0112-7ed2-1daa-24d529555159" testName="PoMiniApps.UnitTests.Services.InputValidatorTests.ValidateTranslationInput_ValidText_ReturnsSuccess" computerName="SURFACE0326" duration="00:00:00.0001967" startTime="2026-03-03T14:49:28.0926705-05:00" endTime="2026-03-03T14:49:28.0928813-05:00" testType="13cdc9d9-ddb5-4fa4-a97d-d965ccfc6d4b" outcome="Passed" testListId="8c84fa94-04c1-424b-9868-57a2d4851a1d" relativeResultsDirectory="9bc2c06f-0b23-46c5-82e8-257c3ff02c14" />
    <UnitTestResult executionId="9b1fc8bb-5687-49f0-b0ed-8dc775ffd26b" testId="ef69b8bc-1960-fcf4-4137-148f7649c3e6" testName="PoMiniApps.UnitTests.Services.AzureOpenAIServiceTests.Constructor_WithNullConfiguration_MarksAsUnconfigured" computerName="SURFACE0326" duration="00:00:00.0006014" startTime="2026-03-03T14:49:28.6942631-05:00" endTime="2026-03-03T14:49:28.6948953-05:00" testType="13cdc9d9-ddb5-4fa4-a97d-d965ccfc6d4b" outcome="Passed" testListId="8c84fa94-04c1-424b-9868-57a2d4851a1d" relativeResultsDirectory="9b1fc8bb-5687-49f0-b0ed-8dc775ffd26b" />
    <UnitTestResult executionId="ebba7815-d6b3-4d24-804f-23255af056dd" testId="0ec3e7ce-d462-a658-a722-8a1b85f7d09c" testName="PoMiniApps.UnitTests.Factories.DebateStateFactoryTests.CreateForNewDebate_SetsCorrectState" computerName="SURFACE0326" duration="00:00:00.0016802" startTime="2026-03-03T14:49:28.0928266-05:00" endTime="2026-03-03T14:49:28.0945219-05:00" testType="13cdc9d9-ddb5-4fa4-a97d-d965ccfc6d4b" outcome="Passed" testListId="8c84fa94-04c1-424b-9868-57a2d4851a1d" relativeResultsDirectory="ebba7815-d6b3-4d24-804f-23255af056dd" />
    <UnitTestResult executionId="906c8291-3b63-4f29-a1a3-21c39b55fecf" testId="78634e16-6289-1c86-63be-eadcf7b738a3" testName="PoMiniApps.UnitTests.Services.TranslationCacheTests.CacheAndRetrieve_ReturnsTrue" computerName="SURFACE0326" duration="00:00:00.0001803" startTime="2026-03-03T14:49:28.0957687-05:00" endTime="2026-03-03T14:49:28.0959810-05:00" testType="13cdc9d9-ddb5-4fa4-a97d-d965ccfc6d4b" outcome="Passed" testListId="8c84fa94-04c1-424b-9868-57a2d4851a1d" relativeResultsDirectory="906c8291-3b63-4f29-a1a3-21c39b55fecf" />
    <UnitTestResult executionId="ccc28a14-d98c-4787-a07c-4af5306369f1" testId="82db7cd3-a68d-7bc6-9342-91d3fcca38f0" testName="PoMiniApps.UnitTests.Services.TranslationServiceTests.TranslateToVictorianEnglishAsync_WithWhitespaceInput_ThrowsArgumentException(input: &quot;   &quot;)" computerName="SURFACE0326" duration="00:00:00.0018896" startTime="2026-03-03T14:49:28.6860859-05:00" endTime="2026-03-03T14:49:28.6880045-05:00" testType="13cdc9d9-ddb5-4fa4-a97d-d965ccfc6d4b" outcome="Passed" testListId="8c84fa94-04c1-424b-9868-57a2d4851a1d" relativeResultsDirectory="ccc28a14-d98c-4787-a07c-4af5306369f1" />
    <UnitTestResult executionId="302bba65-d8b3-4c34-a938-cd0ef3d719c1" testId="9d849e1d-b4d5-e9ac-1e69-984d09141cb8" testName="PoMiniApps.UnitTests.Services.SpeechConfigValidatorTests.GetValidationError_MissingKey_ReturnsKeyError" computerName="SURFACE0326" duration="00:00:00.0003772" startTime="2026-03-03T14:49:28.0923354-05:00" endTime="2026-03-03T14:49:28.0927283-05:00" testType="13cdc9d9-ddb5-4fa4-a97d-d965ccfc6d4b" outcome="Passed" testListId="8c84fa94-04c1-424b-9868-57a2d4851a1d" relativeResultsDirectory="302bba65-d8b3-4c34-a938-cd0ef3d719c1" />
    <UnitTestResult executionId="9777a042-d7a8-49bd-94e9-38b1e5b0bfed" testId="c1024551-f10c-efe4-3ecd-df19585920b9" testName="PoMiniApps.UnitTests.Models.TopicExtensionsTests.GetDefaultTopics_ReturnsNonEmptyList" computerName="SURFACE0326" duration="00:00:00.0068923" startTime="2026-03-03T14:49:28.0925531-05:00" endTime="2026-03-03T14:49:28.0994756-05:00" testType="13cdc9d9-ddb5-4fa4-a97d-d965ccfc6d4b" outcome="Passed" testListId="8c84fa94-04c1-424b-9868-57a2d4851a1d" relativeResultsDirectory="9777a042-d7a8-49bd-94e9-38b1e5b0bfed" />
    <UnitTestResult executionId="8fd8469f-90cd-407f-93bc-cb51c90c60b7" testId="8c86d636-edbd-05d1-6580-9a08ac12d6f2" testName="PoMiniApps.UnitTests.Services.NewsServiceTests.GetTopHeadlinesAsync_FiltersOutEmptyTitles" computerName="SURFACE0326" duration="00:00:00.0008840" startTime="2026-03-03T14:49:28.7046720-05:00" endTime="2026-03-03T14:49:28.7055759-05:00" testType="13cdc9d9-ddb5-4fa4-a97d-d965ccfc6d4b" outcome="Passed" testListId="8c84fa94-04c1-424b-9868-57a2d4851a1d" relativeResultsDirectory="8fd8469f-90cd-407f-93bc-cb51c90c60b7" />
    <UnitTestResult executionId="4a3c9bf1-4c04-4184-8df8-f4f5dc825a93" testId="d1fe0ea3-5735-2d1f-3efd-c0340e4b90ab" testName="PoMiniApps.UnitTests.Services.InputValidatorTests.ValidateTranslationInput_TooLongText_ReturnsFailure" computerName="SURFACE0326" duration="00:00:00.0005880" startTime="2026-03-03T14:49:28.0936829-05:00" endTime="2026-03-03T14:49:28.0942852-05:00" testType="13cdc9d9-ddb5-4fa4-a97d-d965ccfc6d4b" outcome="Passed" testListId="8c84fa94-04c1-424b-9868-57a2d4851a1d" relativeResultsDirectory="4a3c9bf1-4c04-4184-8df8-f4f5dc825a93" />
    <UnitTestResult executionId="1c718c91-cdf6-4e31-a04d-35b87f4c1963" testId="b7b5e1c2-1947-472a-6280-213d226fd54b" testName="PoMiniApps.UnitTests.Models.TopicExtensionsTests.GetEmoji_Technology_ReturnsComputerEmoji" computerName="SURFACE0326" duration="00:00:00.0000657" startTime="2026-03-03T14:49:28.0923518-05:00" endTime="2026-03-03T14:49:28.0924314-05:00" testType="13cdc9d9-ddb5-4fa4-a97d-d965ccfc6d4b" outcome="Passed" testListId="8c84fa94-04c1-424b-9868-57a2d4851a1d" relativeResultsDirectory="1c718c91-cdf6-4e31-a04d-35b87f4c1963" />
    <UnitTestResult executionId="5ad94cb1-398a-46b4-9e5c-136425262030" testId="4021208c-fd07-dae3-df4c-0355737d5369" testName="PoMiniApps.UnitTests.Services.NewsServiceTests.GetTopHeadlinesAsync_WithMissingApiKey_ReturnsFallbackTopics" computerName="SURFACE0326" duration="00:00:00.0010772" startTime="2026-03-03T14:49:28.6193588-05:00" endTime="2026-03-03T14:49:28.6204608-05:00" testType="13cdc9d9-ddb5-4fa4-a97d-d965ccfc6d4b" outcome="Passed" testListId="8c84fa94-04c1-424b-9868-57a2d4851a1d" relativeResultsDirectory="5ad94cb1-398a-46b4-9e5c-136425262030" />
    <UnitTestResult executionId="adae94bc-b859-4137-9ec4-7a79e469ed83" testId="d8cc787c-5609-320b-b193-f187ae5733ed" testName="PoMiniApps.UnitTests.Services.AzureOpenAIServiceTests.Constructor_WithValidConfiguration_MarksServiceAsConfigured" computerName="SURFACE0326" duration="00:00:00.0011267" startTime="2026-03-03T14:49:28.6929348-05:00" endTime="2026-03-03T14:49:28.6940961-05:00" testType="13cdc9d9-ddb5-4fa4-a97d-d965ccfc6d4b" outcome="Passed" testListId="8c84fa94-04c1-424b-9868-57a2d4851a1d" relativeResultsDirectory="adae94bc-b859-4137-9ec4-7a79e469ed83" />
    <UnitTestResult executionId="6a944eba-cc0e-4383-a5b4-c6db7a2a8c3d" testId="df59eb04-f405-f8ef-82bc-318afac88c8a" testName="PoMiniApps.UnitTests.Services.InputValidatorTests.ValidateDebateInput_ValidInput_ReturnsSuccess" computerName="SURFACE0326" duration="00:00:00.0000485" startTime="2026-03-03T14:49:28.0934632-05:00" endTime="2026-03-03T14:49:28.0935234-05:00" testType="13cdc9d9-ddb5-4fa4-a97d-d965ccfc6d4b" outcome="Passed" testListId="8c84fa94-04c1-424b-9868-57a2d4851a1d" relativeResultsDirectory="6a944eba-cc0e-4383-a5b4-c6db7a2a8c3d" />
    <UnitTestResult executionId="d2667782-86d8-4872-ba75-0008f1a06c6e" testId="05291252-2d2e-682c-dbaf-0a0c1c816859" testName="PoMiniApps.UnitTests.Services.TranslationServiceTests.Constructor_WithMissingConfiguration_MarksServiceAsUnconfigured" computerName="SURFACE0326" duration="00:00:00.0017476" startTime="2026-03-03T14:49:28.6950425-05:00" endTime="2026-03-03T14:49:28.6968100-05:00" testType="13cdc9d9-ddb5-4fa4-a97d-d965ccfc6d4b" outcome="Passed" testListId="8c84fa94-04c1-424b-9868-57a2d4851a1d" relativeResultsDirectory="d2667782-86d8-4872-ba75-0008f1a06c6e" />
    <UnitTestResult executionId="823eb349-8cc9-446a-86a9-cf7d8ec0df9a" testId="0d45ecb7-b4a3-9461-556f-462a273c7090" testName="PoMiniApps.UnitTests.Services.AzureOpenAIServiceTests.IsConfigured_WhenEndpointAndKeyAreSet_ReturnsTrue" computerName="SURFACE0326" duration="00:00:00.0004851" startTime="2026-03-03T14:49:28.6856061-05:00" endTime="2026-03-03T14:49:28.6861162-05:00" testType="13cdc9d9-ddb5-4fa4-a97d-d965ccfc6d4b" outcome="Passed" testListId="8c84fa94-04c1-424b-9868-57a2d4851a1d" relativeResultsDirectory="823eb349-8cc9-446a-86a9-cf7d8ec0df9a" />
    <UnitTestResult executionId="33d840c9-53fb-4504-b3ff-3ba39ebe6cb6" testId="df06af43-b76a-5217-52ab-37891eb91764" testName="PoMiniApps.UnitTests.Services.NewsServiceTests.GetTopHeadlinesAsync_WithEmptyArticles_ReturnsFallbackTopics" computerName="SURFACE0326" duration="00:00:00.0018128" startTime="2026-03-03T14:49:28.7012467-05:00" endTime="2026-03-03T14:49:28.7030793-05:00" testType="13cdc9d9-ddb5-4fa4-a97d-d965ccfc6d4b" outcome="Passed" testListId="8c84fa94-04c1-424b-9868-57a2d4851a1d" relativeResultsDirectory="33d840c9-53fb-4504-b3ff-3ba39ebe6cb6" />
    <UnitTestResult executionId="fe66e354-f4b0-4baa-b5ac-8b5d3fe557dd" testId="0c3360e6-513b-16d3-9cb7-4ef584cef2c7" testName="PoMiniApps.UnitTests.Services.AzureOpenAIServiceTests.Constructor_WithMissingDeploymentName_UsesDefaultGpt4o" computerName="SURFACE0326" duration="00:00:00.0728588" startTime="2026-03-03T14:49:28.6064195-05:00" endTime="2026-03-03T14:49:28.6793528-05:00" testType="13cdc9d9-ddb5-4fa4-a97d-d965ccfc6d4b" outcome="Passed" testListId="8c84fa94-04c1-424b-9868-57a2d4851a1d" relativeResultsDirectory="fe66e354-f4b0-4baa-b5ac-8b5d3fe557dd" />
    <UnitTestResult executionId="1fafff72-b087-45aa-8b51-cd9594fef98e" testId="5bc39885-5eb0-62a9-1998-8ba3880befa0" testName="PoMiniApps.UnitTests.Services.AzureOpenAIServiceTests.Constructor_WithMissingApiKey_MarksServiceAsUnconfigured" computerName="SURFACE0326" duration="00:00:02.0937605" startTime="2026-03-03T14:49:26.5097112-05:00" endTime="2026-03-03T14:49:28.6058294-05:00" testType="13cdc9d9-ddb5-4fa4-a97d-d965ccfc6d4b" outcome="Passed" testListId="8c84fa94-04c1-424b-9868-57a2d4851a1d" relativeResultsDirectory="1fafff72-b087-45aa-8b51-cd9594fef98e" />
    <UnitTestResult executionId="4db7be81-b5aa-4281-98c5-4d9f30e7e712" testId="8b0c3aa3-98e1-264b-4c5f-a24dbcab476c" testName="PoMiniApps.UnitTests.Services.TranslationServiceTests.TranslateToVictorianEnglishAsync_WithCachedTranslation_ReturnsCachedResult" computerName="SURFACE0326" duration="00:00:00.0052258" startTime="2026-03-03T14:49:28.6970320-05:00" endTime="2026-03-03T14:49:28.7022762-05:00" testType="13cdc9d9-ddb5-4fa4-a97d-d965ccfc6d4b" outcome="Passed" testListId="8c84fa94-04c1-424b-9868-57a2d4851a1d" relativeResultsDirectory="4db7be81-b5aa-4281-98c5-4d9f30e7e712" />
    <UnitTestResult executionId="786dfa3e-c12b-4353-a6da-f9a5d9d845b1" testId="136e952e-31fd-20c3-87b4-a18250a8d512" testName="PoMiniApps.UnitTests.Services.TranslationServiceTests.TranslateToVictorianEnglishAsync_WithWhitespaceInput_ThrowsArgumentException(input: &quot;\n&quot;)" computerName="SURFACE0326" duration="00:00:00.0006712" startTime="2026-03-03T14:49:28.6906822-05:00" endTime="2026-03-03T14:49:28.6913778-05:00" testType="13cdc9d9-ddb5-4fa4-a97d-d965ccfc6d4b" outcome="Passed" testListId="8c84fa94-04c1-424b-9868-57a2d4851a1d" relativeResultsDirectory="786dfa3e-c12b-4353-a6da-f9a5d9d845b1" />
    <UnitTestResult executionId="19288ec2-748f-43e5-b931-12daf675c8bb" testId="11043109-23d2-5a32-2c06-240a9075733c" testName="PoMiniApps.UnitTests.Services.AzureOpenAIServiceTests.IsConfigured_WhenApiKeyIsMissing_ReturnsFalse" computerName="SURFACE0326" duration="00:00:00.0003954" startTime="2026-03-03T14:49:28.6832958-05:00" endTime="2026-03-03T14:49:28.6837195-05:00" testType="13cdc9d9-ddb5-4fa4-a97d-d965ccfc6d4b" outcome="Passed" testListId="8c84fa94-04c1-424b-9868-57a2d4851a1d" relativeResultsDirectory="19288ec2-748f-43e5-b931-12daf675c8bb" />
    <UnitTestResult executionId="eb1b6f20-fed0-409b-9509-d644c1df926b" testId="24fd9bff-059c-6639-1eb9-6753d345b06b" testName="PoMiniApps.UnitTests.Services.TranslationServiceTests.TranslateToVictorianEnglishAsync_WithEmptyInput_ThrowsArgumentException" computerName="SURFACE0326" duration="00:00:00.0009675" startTime="2026-03-03T14:49:28.6937748-05:00" endTime="2026-03-03T14:49:28.6947578-05:00" testType="13cdc9d9-ddb5-4fa4-a97d-d965ccfc6d4b" outcome="Passed" testListId="8c84fa94-04c1-424b-9868-57a2d4851a1d" relativeResultsDirectory="eb1b6f20-fed0-409b-9509-d644c1df926b" />
    <UnitTestResult executionId="b872334c-f64b-47e0-ac67-23a4798c80e1" testId="cc66e49d-e88e-d688-fcb3-65b2be2e44ae" testName="PoMiniApps.UnitTests.Services.TranslationCacheTests.DifferentKeys_ReturnIndependentResults" computerName="SURFACE0326" duration="00:00:00.0033298" startTime="2026-03-03T14:49:28.0921356-05:00" endTime="2026-03-03T14:49:28.0954971-05:00" testType="13cdc9d9-ddb5-4fa4-a97d-d965ccfc6d4b" outcome="Passed" testListId="8c84fa94-04c1-424b-9868-57a2d4851a1d" relativeResultsDirectory="b872334c-f64b-47e0-ac67-23a4798c80e1" />
    <UnitTestResult executionId="6485a328-7a83-4336-8fed-bf206eed1389" testId="4dce36a7-717c-c532-b928-1a44c9cf6e79" testName="PoMiniApps.UnitTests.Services.InputValidatorTests.ValidateLyricsInput_ValidTitle_ReturnsSuccess" computerName="SURFACE0326" duration="00:00:00.0000503" startTime="2026-03-03T14:49:28.0932477-05:00" endTime="2026-03-03T14:49:28.0933095-05:00" testType="13cdc9d9-ddb5-4fa4-a97d-d965ccfc6d4b" outcome="Passed" testListId="8c84fa94-04c1-424b-9868-57a2d4851a1d" relativeResultsDirectory="6485a328-7a83-4336-8fed-bf206eed1389" />
    <UnitTestResult executionId="c35f828e-1294-4c4e-9a9c-e6ed68b409c0" testId="7405e26e-c8bf-6b88-9087-7760bed08bd0" testName="PoMiniApps.UnitTests.Models.TopicExtensionsTests.GetEmoji_UnknownCategory_ReturnsMicrophone" computerName="SURFACE0326" duration="00:00:00.0002147" startTime="2026-03-03T14:49:28.0918730-05:00" endTime="2026-03-03T14:49:28.0921089-05:00" testType="13cdc9d9-ddb5-4fa4-a97d-d965ccfc6d4b" outcome="Passed" testListId="8c84fa94-04c1-424b-9868-57a2d4851a1d" relativeResultsDirectory="c35f828e-1294-4c4e-9a9c-e6ed68b409c0" />
    <UnitTestResult executionId="7194c8c1-229d-4275-a5a4-88031d39fd3b" testId="f7c8fd94-2e75-8817-0ec0-f32d9c631e35" testName="PoMiniApps.UnitTests.Services.AzureOpenAIServiceTests.GenerateDebateTurnAsync_WithUnconfiguredService_ThrowsInvalidOperationException" computerName="SURFACE0326" duration="00:00:00.0026349" startTime="2026-03-03T14:49:28.6802570-05:00" endTime="2026-03-03T14:49:28.6829334-05:00" testType="13cdc9d9-ddb5-4fa4-a97d-d965ccfc6d4b" outcome="Passed" testListId="8c84fa94-04c1-424b-9868-57a2d4851a1d" relativeResultsDirectory="7194c8c1-229d-4275-a5a4-88031d39fd3b" />
    <UnitTestResult executionId="99c07db6-dbbd-4600-aa54-8103ec9e50bd" testId="0582dda6-5c65-77b3-0c6b-84c736a81118" testName="PoMiniApps.UnitTests.Services.TranslationCacheTests.TryGetTranslation_EmptyCache_ReturnsFalse" computerName="SURFACE0326" duration="00:00:01.5703806" startTime="2026-03-03T14:49:26.5096198-05:00" endTime="2026-03-03T14:49:28.0836642-05:00" testType="13cdc9d9-ddb5-4fa4-a97d-d965ccfc6d4b" outcome="Passed" testListId="8c84fa94-04c1-424b-9868-57a2d4851a1d" relativeResultsDirectory="99c07db6-dbbd-4600-aa54-8103ec9e50bd" />
    <UnitTestResult executionId="22880a98-1405-45e3-aa32-acb417593f00" testId="a6ab256b-9578-99fe-4196-e080e067ac24" testName="PoMiniApps.UnitTests.Services.AzureOpenAIServiceTests.JudgeDebateAsync_WithUnconfiguredService_ThrowsInvalidOperationException" computerName="SURFACE0326" duration="00:00:00.0037905" startTime="2026-03-03T14:49:28.6863406-05:00" endTime="2026-03-03T14:49:28.6901516-05:00" testType="13cdc9d9-ddb5-4fa4-a97d-d965ccfc6d4b" outcome="Passed" testListId="8c84fa94-04c1-424b-9868-57a2d4851a1d" relativeResultsDirectory="22880a98-1405-45e3-aa32-acb417593f00" />
    <UnitTestResult executionId="b3802a6e-8406-4356-83e7-703a8f3cddad" testId="e49d49b9-c00f-f1d5-202f-fe2d6f0a2446" testName="PoMiniApps.UnitTests.Services.DebateOrchestratorTests.SignalAudioPlaybackComplete_CompletesWithoutError" computerName="SURFACE0326" duration="00:00:00.0001381" startTime="2026-03-03T14:49:28.1257845-05:00" endTime="2026-03-03T14:49:28.1259402-05:00" testType="13cdc9d9-ddb5-4fa4-a97d-d965ccfc6d4b" outcome="Passed" testListId="8c84fa94-04c1-424b-9868-57a2d4851a1d" relativeResultsDirectory="b3802a6e-8406-4356-83e7-703a8f3cddad" />
    <UnitTestResult executionId="008d607a-7126-4b12-8052-158f37d1322c" testId="0f7ee15d-bcf1-7607-2f18-187edea98c27" testName="PoMiniApps.UnitTests.Services.InputValidatorTests.ValidateDebateInput_InvalidInput_ReturnsFailure(r1: null, r2: &quot;r2&quot;, topic: &quot;topic&quot;, expectedError: &quot;Rapper 1 must be selected.&quot;)" computerName="SURFACE0326" duration="00:00:00.0003082" startTime="2026-03-03T14:49:28.0911238-05:00" endTime="2026-03-03T14:49:28.0914609-05:00" testType="13cdc9d9-ddb5-4fa4-a97d-d965ccfc6d4b" outcome="Passed" testListId="8c84fa94-04c1-424b-9868-57a2d4851a1d" relativeResultsDirectory="008d607a-7126-4b12-8052-158f37d1322c" />
    <UnitTestResult executionId="4068d707-73c6-4d71-8b2e-40be132d27b3" testId="00694e42-4b5c-1434-ef51-97e2589d77c1" testName="PoMiniApps.UnitTests.Services.TranslationServiceTests.TranslateToVictorianEnglishAsync_WithNullInput_ThrowsArgumentException" computerName="SURFACE0326" duration="00:00:00.0031254" startTime="2026-03-03T14:49:28.6825619-05:00" endTime="2026-03-03T14:49:28.6857262-05:00" testType="13cdc9d9-ddb5-4fa4-a97d-d965ccfc6d4b" outcome="Passed" testListId="8c84fa94-04c1-424b-9868-57a2d4851a1d" relativeResultsDirectory="4068d707-73c6-4d71-8b2e-40be132d27b3" />
    <UnitTestResult executionId="e087234d-a77b-429b-bf4e-c8040c44dda3" testId="fa1a9ff3-0bd7-09c9-d906-bc48234d306e" testName="PoMiniApps.UnitTests.Services.DebateOrchestratorTests.ResetDebate_ResetsState" computerName="SURFACE0326" duration="00:00:01.6128181" startTime="2026-03-03T14:49:26.5096903-05:00" endTime="2026-03-03T14:49:28.1247970-05:00" testType="13cdc9d9-ddb5-4fa4-a97d-d965ccfc6d4b" outcome="Passed" testListId="8c84fa94-04c1-424b-9868-57a2d4851a1d" relativeResultsDirectory="e087234d-a77b-429b-bf4e-c8040c44dda3" />
    <UnitTestResult executionId="2820e52a-8fe8-41bc-901d-ab8e1ed5bd21" testId="9780e51e-4162-32d2-e6b6-f947a62b20d4" testName="PoMiniApps.UnitTests.Services.SpeechConfigValidatorTests.IsValid_WithAllSettings_ReturnsTrue" computerName="SURFACE0326" duration="00:00:00.0000605" startTime="2026-03-03T14:49:28.0928887-05:00" endTime="2026-03-03T14:49:28.0929623-05:00" testType="13cdc9d9-ddb5-4fa4-a97d-d965ccfc6d4b" outcome="Passed" testListId="8c84fa94-04c1-424b-9868-57a2d4851a1d" relativeResultsDirectory="2820e52a-8fe8-41bc-901d-ab8e1ed5bd21" />
    <UnitTestResult executionId="ee22c02d-8e68-439a-aae8-6ef9f48f058c" testId="e5c8260f-d6a7-1310-5f15-9d9b07b56bde" testName="PoMiniApps.UnitTests.Services.DebateMetricsTests.RecordTranslationRequested_DoesNotThrow" computerName="SURFACE0326" duration="00:00:00.0006807" startTime="2026-03-03T14:49:28.0919111-05:00" endTime="2026-03-03T14:49:28.0926235-05:00" testType="13cdc9d9-ddb5-4fa4-a97d-d965ccfc6d4b" outcome="Passed" testListId="8c84fa94-04c1-424b-9868-57a2d4851a1d" relativeResultsDirectory="ee22c02d-8e68-439a-aae8-6ef9f48f058c" />
    <UnitTestResult executionId="c2b43364-d50b-402e-8a29-d2a21191bbd9" testId="e2cf4922-1262-0409-fedd-695f6e0290e6" testName="PoMiniApps.UnitTests.Services.NewsServiceTests.GetTopHeadlinesAsync_WithApiError_ReturnsFallbackTopics" computerName="SURFACE0326" duration="00:00:02.1069909" startTime="2026-03-03T14:49:26.5096278-05:00" endTime="2026-03-03T14:49:28.6189270-05:00" testType="13cdc9d9-ddb5-4fa4-a97d-d965ccfc6d4b" outcome="Passed" testListId="8c84fa94-04c1-424b-9868-57a2d4851a1d" relativeResultsDirectory="c2b43364-d50b-402e-8a29-d2a21191bbd9" />
    <UnitTestResult executionId="83cfb27e-8dbf-49b4-a755-a6890e8831cf" testId="977b9de4-e6a1-1474-daf7-73d41c76bc34" testName="PoMiniApps.UnitTests.Services.SpeechConfigValidatorTests.IsValid_WithMissingSettings_ReturnsFalse(key: &quot;key&quot;, region: &quot;&quot;)" computerName="SURFACE0326" duration="00:00:00.0000123" startTime="2026-03-03T14:49:28.0917311-05:00" endTime="2026-03-03T14:49:28.0917598-05:00" testType="13cdc9d9-ddb5-4fa4-a97d-d965ccfc6d4b" outcome="Passed" testListId="8c84fa94-04c1-424b-9868-57a2d4851a1d" relativeResultsDirectory="83cfb27e-8dbf-49b4-a755-a6890e8831cf" />
    <UnitTestResult executionId="03246a5f-40af-455e-ba7f-98136fa5b987" testId="dbbee53b-d16d-3fa1-449e-81921141ac4e" testName="PoMiniApps.UnitTests.Services.TranslationServiceTests.TranslateToVictorianEnglishAsync_WithUnconfiguredService_ThrowsInvalidOperationException" computerName="SURFACE0326" duration="00:00:02.1701848" startTime="2026-03-03T14:49:26.5096198-05:00" endTime="2026-03-03T14:49:28.6822181-05:00" testType="13cdc9d9-ddb5-4fa4-a97d-d965ccfc6d4b" outcome="Passed" testListId="8c84fa94-04c1-424b-9868-57a2d4851a1d" relativeResultsDirectory="03246a5f-40af-455e-ba7f-98136fa5b987" />
  </Results>
  <TestDefinitions>
    <UnitTest name="PoMiniApps.UnitTests.Models.TopicExtensionsTests.GetEmoji_Technology_ReturnsComputerEmoji" storage="c:\users\punko\downloads\pominiapps\tests\pominiapps.unittests\bin\debug\net10.0\pominiapps.unittests.dll" id="b7b5e1c2-1947-472a-6280-213d226fd54b">
      <Execution id="1c718c91-cdf6-4e31-a04d-35b87f4c1963" />
      <TestMethod codeBase="C:\Users\punko\Downloads\PoMiniApps\tests\PoMiniApps.UnitTests\bin\Debug\net10.0\PoMiniApps.UnitTests.dll" adapterTypeName="executor://xunit/VsTestRunner3/netcore/" className="PoMiniApps.UnitTests.Models.TopicExtensionsTests" name="GetEmoji_Technology_ReturnsComputerEmoji" />
    </UnitTest>
    <UnitTest name="PoMiniApps.UnitTests.Services.TranslationServiceTests.TranslateToVictorianEnglishAsync_WithNullInput_ThrowsArgumentException" storage="c:\users\punko\downloads\pominiapps\tests\pominiapps.unittests\bin\debug\net10.0\pominiapps.unittests.dll" id="00694e42-4b5c-1434-ef51-97e2589d77c1">
      <Execution id="4068d707-73c6-4d71-8b2e-40be132d27b3" />
      <TestMethod codeBase="C:\Users\punko\Downloads\PoMiniApps\tests\PoMiniApps.UnitTests\bin\Debug\net10.0\PoMiniApps.UnitTests.dll" adapterTypeName="executor://xunit/VsTestRunner3/netcore/" className="PoMiniApps.UnitTests.Services.TranslationServiceTests" name="TranslateToVictorianEnglishAsync_WithNullInput_ThrowsArgumentException" />
    </UnitTest>
    <UnitTest name="PoMiniApps.UnitTests.Services.InputValidatorTests.ValidateDebateInput_InvalidInput_ReturnsFailure(r1: null, r2: &quot;r2&quot;, topic: &quot;topic&quot;, expectedError: &quot;Rapper 1 must be selected.&quot;)" storage="c:\users\punko\downloads\pominiapps\tests\pominiapps.unittests\bin\debug\net10.0\pominiapps.unittests.dll" id="0f7ee15d-bcf1-7607-2f18-187edea98c27">
      <Execution id="008d607a-7126-4b12-8052-158f37d1322c" />
      <TestMethod codeBase="C:\Users\punko\Downloads\PoMiniApps\tests\PoMiniApps.UnitTests\bin\Debug\net10.0\PoMiniApps.UnitTests.dll" adapterTypeName="executor://xunit/VsTestRunner3/netcore/" className="PoMiniApps.UnitTests.Services.InputValidatorTests" name="ValidateDebateInput_InvalidInput_ReturnsFailure" />
    </UnitTest>
    <UnitTest name="PoMiniApps.UnitTests.Services.DebateOrchestratorTests.ResetDebate_ResetsState" storage="c:\users\punko\downloads\pominiapps\tests\pominiapps.unittests\bin\debug\net10.0\pominiapps.unittests.dll" id="fa1a9ff3-0bd7-09c9-d906-bc48234d306e">
      <Execution id="e087234d-a77b-429b-bf4e-c8040c44dda3" />
      <TestMethod codeBase="C:\Users\punko\Downloads\PoMiniApps\tests\PoMiniApps.UnitTests\bin\Debug\net10.0\PoMiniApps.UnitTests.dll" adapterTypeName="executor://xunit/VsTestRunner3/netcore/" className="PoMiniApps.UnitTests.Services.DebateOrchestratorTests" name="ResetDebate_ResetsState" />
    </UnitTest>
    <UnitTest name="PoMiniApps.UnitTests.Services.TranslationCacheTests.TryGetTranslation_EmptyCache_ReturnsFalse" storage="c:\users\punko\downloads\pominiapps\tests\pominiapps.unittests\bin\debug\net10.0\pominiapps.unittests.dll" id="0582dda6-5c65-77b3-0c6b-84c736a81118">
      <Execution id="99c07db6-dbbd-4600-aa54-8103ec9e50bd" />
      <TestMethod codeBase="C:\Users\punko\Downloads\PoMiniApps\tests\PoMiniApps.UnitTests\bin\Debug\net10.0\PoMiniApps.UnitTests.dll" adapterTypeName="executor://xunit/VsTestRunner3/netcore/" className="PoMiniApps.UnitTests.Services.TranslationCacheTests" name="TryGetTranslation_EmptyCache_ReturnsFalse" />
    </UnitTest>
    <UnitTest name="PoMiniApps.UnitTests.Services.TranslationServiceTests.Constructor_WithValidConfiguration_LogsInitialization" storage="c:\users\punko\downloads\pominiapps\tests\pominiapps.unittests\bin\debug\net10.0\pominiapps.unittests.dll" id="e79f8d2e-fb60-d623-db56-368efd16eb93">
      <Execution id="dd9f5750-9d82-43d6-828f-be806a132624" />
      <TestMethod codeBase="C:\Users\punko\Downloads\PoMiniApps\tests\PoMiniApps.UnitTests\bin\Debug\net10.0\PoMiniApps.UnitTests.dll" adapterTypeName="executor://xunit/VsTestRunner3/netcore/" className="PoMiniApps.UnitTests.Services.TranslationServiceTests" name="Constructor_WithValidConfiguration_LogsInitialization" />
    </UnitTest>
    <UnitTest name="PoMiniApps.UnitTests.Services.NewsServiceTests.GetTopHeadlinesAsync_WithMissingApiKey_ReturnsFallbackTopics" storage="c:\users\punko\downloads\pominiapps\tests\pominiapps.unittests\bin\debug\net10.0\pominiapps.unittests.dll" id="4021208c-fd07-dae3-df4c-0355737d5369">
      <Execution id="5ad94cb1-398a-46b4-9e5c-136425262030" />
      <TestMethod codeBase="C:\Users\punko\Downloads\PoMiniApps\tests\PoMiniApps.UnitTests\bin\Debug\net10.0\PoMiniApps.UnitTests.dll" adapterTypeName="executor://xunit/VsTestRunner3/netcore/" className="PoMiniApps.UnitTests.Services.NewsServiceTests" name="GetTopHeadlinesAsync_WithMissingApiKey_ReturnsFallbackTopics" />
    </UnitTest>
    <UnitTest name="PoMiniApps.UnitTests.Services.AzureOpenAIServiceTests.Constructor_WithValidConfiguration_MarksServiceAsConfigured" storage="c:\users\punko\downloads\pominiapps\tests\pominiapps.unittests\bin\debug\net10.0\pominiapps.unittests.dll" id="d8cc787c-5609-320b-b193-f187ae5733ed">
      <Execution id="adae94bc-b859-4137-9ec4-7a79e469ed83" />
      <TestMethod codeBase="C:\Users\punko\Downloads\PoMiniApps\tests\PoMiniApps.UnitTests\bin\Debug\net10.0\PoMiniApps.UnitTests.dll" adapterTypeName="executor://xunit/VsTestRunner3/netcore/" className="PoMiniApps.UnitTests.Services.AzureOpenAIServiceTests" name="Constructor_WithValidConfiguration_MarksServiceAsConfigured" />
    </UnitTest>
    <UnitTest name="PoMiniApps.UnitTests.Services.AzureOpenAIServiceTests.IsConfigured_WhenApiKeyIsMissing_ReturnsFalse" storage="c:\users\punko\downloads\pominiapps\tests\pominiapps.unittests\bin\debug\net10.0\pominiapps.unittests.dll" id="11043109-23d2-5a32-2c06-240a9075733c">
      <Execution id="19288ec2-748f-43e5-b931-12daf675c8bb" />
      <TestMethod codeBase="C:\Users\punko\Downloads\PoMiniApps\tests\PoMiniApps.UnitTests\bin\Debug\net10.0\PoMiniApps.UnitTests.dll" adapterTypeName="executor://xunit/VsTestRunner3/netcore/" className="PoMiniApps.UnitTests.Services.AzureOpenAIServiceTests" name="IsConfigured_WhenApiKeyIsMissing_ReturnsFalse" />
    </UnitTest>
    <UnitTest name="PoMiniApps.UnitTests.Services.SpeechConfigValidatorTests.GetValidationError_MissingKey_ReturnsKeyError" storage="c:\users\punko\downloads\pominiapps\tests\pominiapps.unittests\bin\debug\net10.0\pominiapps.unittests.dll" id="9d849e1d-b4d5-e9ac-1e69-984d09141cb8">
      <Execution id="302bba65-d8b3-4c34-a938-cd0ef3d719c1" />
      <TestMethod codeBase="C:\Users\punko\Downloads\PoMiniApps\tests\PoMiniApps.UnitTests\bin\Debug\net10.0\PoMiniApps.UnitTests.dll" adapterTypeName="executor://xunit/VsTestRunner3/netcore/" className="PoMiniApps.UnitTests.Services.SpeechConfigValidatorTests" name="GetValidationError_MissingKey_ReturnsKeyError" />
    </UnitTest>
    <UnitTest name="PoMiniApps.UnitTests.Services.InputValidatorTests.ValidateTranslationInput_ValidText_ReturnsSuccess" storage="c:\users\punko\downloads\pominiapps\tests\pominiapps.unittests\bin\debug\net10.0\pominiapps.unittests.dll" id="9bf1a2f0-0112-7ed2-1daa-24d529555159">
      <Execution id="9bc2c06f-0b23-46c5-82e8-257c3ff02c14" />
      <TestMethod codeBase="C:\Users\punko\Downloads\PoMiniApps\tests\PoMiniApps.UnitTests\bin\Debug\net10.0\PoMiniApps.UnitTests.dll" adapterTypeName="executor://xunit/VsTestRunner3/netcore/" className="PoMiniApps.UnitTests.Services.InputValidatorTests" name="ValidateTranslationInput_ValidText_ReturnsSuccess" />
    </UnitTest>
    <UnitTest name="PoMiniApps.UnitTests.Services.AzureOpenAIServiceTests.Constructor_WithMissingEndpoint_MarksServiceAsUnconfigured" storage="c:\users\punko\downloads\pominiapps\tests\pominiapps.unittests\bin\debug\net10.0\pominiapps.unittests.dll" id="5c0012e8-9326-4293-b9ff-6e13dd1a881c">
      <Execution id="7d77e819-5822-4df7-9933-832afc25bba1" />
      <TestMethod codeBase="C:\Users\punko\Downloads\PoMiniApps\tests\PoMiniApps.UnitTests\bin\Debug\net10.0\PoMiniApps.UnitTests.dll" adapterTypeName="executor://xunit/VsTestRunner3/netcore/" className="PoMiniApps.UnitTests.Services.AzureOpenAIServiceTests" name="Constructor_WithMissingEndpoint_MarksServiceAsUnconfigured" />
    </UnitTest>
    <UnitTest name="PoMiniApps.UnitTests.Services.InputValidatorTests.ValidateLyricsInput_EmptyTitle_ReturnsFailure" storage="c:\users\punko\downloads\pominiapps\tests\pominiapps.unittests\bin\debug\net10.0\pominiapps.unittests.dll" id="b56927ed-7aab-57fb-b105-bb9e9379a94d">
      <Execution id="1e4e0028-ad42-4a63-81f0-09946f3d6c31" />
      <TestMethod codeBase="C:\Users\punko\Downloads\PoMiniApps\tests\PoMiniApps.UnitTests\bin\Debug\net10.0\PoMiniApps.UnitTests.dll" adapterTypeName="executor://xunit/VsTestRunner3/netcore/" className="PoMiniApps.UnitTests.Services.InputValidatorTests" name="ValidateLyricsInput_EmptyTitle_ReturnsFailure" />
    </UnitTest>
    <UnitTest name="PoMiniApps.UnitTests.Services.DebateMetricsTests.RecordDebateStarted_DoesNotThrow" storage="c:\users\punko\downloads\pominiapps\tests\pominiapps.unittests\bin\debug\net10.0\pominiapps.unittests.dll" id="ad73070d-06fb-029e-b085-4d7fe577322d">
      <Execution id="0defa96e-c08a-4669-82ee-f00e66783f0e" />
      <TestMethod codeBase="C:\Users\punko\Downloads\PoMiniApps\tests\PoMiniApps.UnitTests\bin\Debug\net10.0\PoMiniApps.UnitTests.dll" adapterTypeName="executor://xunit/VsTestRunner3/netcore/" className="PoMiniApps.UnitTests.Services.DebateMetricsTests" name="RecordDebateStarted_DoesNotThrow" />
    </UnitTest>
    <UnitTest name="PoMiniApps.UnitTests.Services.SpeechConfigValidatorTests.IsValid_WithAllSettings_ReturnsTrue" storage="c:\users\punko\downloads\pominiapps\tests\pominiapps.unittests\bin\debug\net10.0\pominiapps.unittests.dll" id="9780e51e-4162-32d2-e6b6-f947a62b20d4">
      <Execution id="2820e52a-8fe8-41bc-901d-ab8e1ed5bd21" />
      <TestMethod codeBase="C:\Users\punko\Downloads\PoMiniApps\tests\PoMiniApps.UnitTests\bin\Debug\net10.0\PoMiniApps.UnitTests.dll" adapterTypeName="executor://xunit/VsTestRunner3/netcore/" className="PoMiniApps.UnitTests.Services.SpeechConfigValidatorTests" name="IsValid_WithAllSettings_ReturnsTrue" />
    </UnitTest>
    <UnitTest name="PoMiniApps.UnitTests.Models.TopicExtensionsTests.GetDefaultTopics_ReturnsNonEmptyList" storage="c:\users\punko\downloads\pominiapps\tests\pominiapps.unittests\bin\debug\net10.0\pominiapps.unittests.dll" id="c1024551-f10c-efe4-3ecd-df19585920b9">
      <Execution id="9777a042-d7a8-49bd-94e9-38b1e5b0bfed" />
      <TestMethod codeBase="C:\Users\punko\Downloads\PoMiniApps\tests\PoMiniApps.UnitTests\bin\Debug\net10.0\PoMiniApps.UnitTests.dll" adapterTypeName="executor://xunit/VsTestRunner3/netcore/" className="PoMiniApps.UnitTests.Models.TopicExtensionsTests" name="GetDefaultTopics_ReturnsNonEmptyList" />
    </UnitTest>
    <UnitTest name="PoMiniApps.UnitTests.Services.NewsServiceTests.GetTopHeadlinesAsync_FiltersOutEmptyTitles" storage="c:\users\punko\downloads\pominiapps\tests\pominiapps.unittests\bin\debug\net10.0\pominiapps.unittests.dll" id="8c86d636-edbd-05d1-6580-9a08ac12d6f2">
      <Execution id="8fd8469f-90cd-407f-93bc-cb51c90c60b7" />
      <TestMethod codeBase="C:\Users\punko\Downloads\PoMiniApps\tests\PoMiniApps.UnitTests\bin\Debug\net10.0\PoMiniApps.UnitTests.dll" adapterTypeName="executor://xunit/VsTestRunner3/netcore/" className="PoMiniApps.UnitTests.Services.NewsServiceTests" name="GetTopHeadlinesAsync_FiltersOutEmptyTitles" />
    </UnitTest>
    <UnitTest name="PoMiniApps.UnitTests.Services.TranslationCacheTests.CacheAndRetrieve_ReturnsTrue" storage="c:\users\punko\downloads\pominiapps\tests\pominiapps.unittests\bin\debug\net10.0\pominiapps.unittests.dll" id="78634e16-6289-1c86-63be-eadcf7b738a3">
      <Execution id="906c8291-3b63-4f29-a1a3-21c39b55fecf" />
      <TestMethod codeBase="C:\Users\punko\Downloads\PoMiniApps\tests\PoMiniApps.UnitTests\bin\Debug\net10.0\PoMiniApps.UnitTests.dll" adapterTypeName="executor://xunit/VsTestRunner3/netcore/" className="PoMiniApps.UnitTests.Services.TranslationCacheTests" name="CacheAndRetrieve_ReturnsTrue" />
    </UnitTest>
    <UnitTest name="PoMiniApps.UnitTests.Services.InputValidatorTests.ValidateDebateInput_InvalidInput_ReturnsFailure(r1: &quot;same&quot;, r2: &quot;same&quot;, topic: &quot;topic&quot;, expectedError: &quot;Rappers must be different.&quot;)" storage="c:\users\punko\downloads\pominiapps\tests\pominiapps.unittests\bin\debug\net10.0\pominiapps.unittests.dll" id="e7ea4f71-b273-f0a3-2523-8a87e7be8c86">
      <Execution id="3d45cbb0-f332-4ff0-b549-85af25919e95" />
      <TestMethod codeBase="C:\Users\punko\Downloads\PoMiniApps\tests\PoMiniApps.UnitTests\bin\Debug\net10.0\PoMiniApps.UnitTests.dll" adapterTypeName="executor://xunit/VsTestRunner3/netcore/" className="PoMiniApps.UnitTests.Services.InputValidatorTests" name="ValidateDebateInput_InvalidInput_ReturnsFailure" />
    </UnitTest>
    <UnitTest name="PoMiniApps.UnitTests.Services.InputValidatorTests.ValidateLyricsInput_ValidTitle_ReturnsSuccess" storage="c:\users\punko\downloads\pominiapps\tests\pominiapps.unittests\bin\debug\net10.0\pominiapps.unittests.dll" id="4dce36a7-717c-c532-b928-1a44c9cf6e79">
      <Execution id="6485a328-7a83-4336-8fed-bf206eed1389" />
      <TestMethod codeBase="C:\Users\punko\Downloads\PoMiniApps\tests\PoMiniApps.UnitTests\bin\Debug\net10.0\PoMiniApps.UnitTests.dll" adapterTypeName="executor://xunit/VsTestRunner3/netcore/" className="PoMiniApps.UnitTests.Services.InputValidatorTests" name="ValidateLyricsInput_ValidTitle_ReturnsSuccess" />
    </UnitTest>
    <UnitTest name="PoMiniApps.UnitTests.Services.TranslationServiceTests.TranslateToVictorianEnglishAsync_WithWhitespaceInput_ThrowsArgumentException(input: &quot;\n&quot;)" storage="c:\users\punko\downloads\pominiapps\tests\pominiapps.unittests\bin\debug\net10.0\pominiapps.unittests.dll" id="136e952e-31fd-20c3-87b4-a18250a8d512">
      <Execution id="786dfa3e-c12b-4353-a6da-f9a5d9d845b1" />
      <TestMethod codeBase="C:\Users\punko\Downloads\PoMiniApps\tests\PoMiniApps.UnitTests\bin\Debug\net10.0\PoMiniApps.UnitTests.dll" adapterTypeName="executor://xunit/VsTestRunner3/netcore/" className="PoMiniApps.UnitTests.Services.TranslationServiceTests" name="TranslateToVictorianEnglishAsync_WithWhitespaceInput_ThrowsArgumentException" />
    </UnitTest>
    <UnitTest name="PoMiniApps.UnitTests.Services.DebateMetricsTests.RecordTranslationRequested_DoesNotThrow" storage="c:\users\punko\downloads\pominiapps\tests\pominiapps.unittests\bin\debug\net10.0\pominiapps.unittests.dll" id="e5c8260f-d6a7-1310-5f15-9d9b07b56bde">
      <Execution id="ee22c02d-8e68-439a-aae8-6ef9f48f058c" />
      <TestMethod codeBase="C:\Users\punko\Downloads\PoMiniApps\tests\PoMiniApps.UnitTests\bin\Debug\net10.0\PoMiniApps.UnitTests.dll" adapterTypeName="executor://xunit/VsTestRunner3/netcore/" className="PoMiniApps.UnitTests.Services.DebateMetricsTests" name="RecordTranslationRequested_DoesNotThrow" />
    </UnitTest>
    <UnitTest name="PoMiniApps.UnitTests.Services.TranslationServiceTests.TranslateToVictorianEnglishAsync_WithWhitespaceInput_ThrowsArgumentException(input: &quot;\t&quot;)" storage="c:\users\punko\downloads\pominiapps\tests\pominiapps.unittests\bin\debug\net10.0\pominiapps.unittests.dll" id="b53971b8-8fed-d792-a0de-52e2378ba12f">
      <Execution id="ebec5991-5add-4395-bcb0-23354e13a849" />
      <TestMethod codeBase="C:\Users\punko\Downloads\PoMiniApps\tests\PoMiniApps.UnitTests\bin\Debug\net10.0\PoMiniApps.UnitTests.dll" adapterTypeName="executor://xunit/VsTestRunner3/netcore/" className="PoMiniApps.UnitTests.Services.TranslationServiceTests" name="TranslateToVictorianEnglishAsync_WithWhitespaceInput_ThrowsArgumentException" />
    </UnitTest>
    <UnitTest name="PoMiniApps.UnitTests.Services.NewsServiceTests.GetTopHeadlinesAsync_WithApiError_ReturnsFallbackTopics" storage="c:\users\punko\downloads\pominiapps\tests\pominiapps.unittests\bin\debug\net10.0\pominiapps.unittests.dll" id="e2cf4922-1262-0409-fedd-695f6e0290e6">
      <Execution id="c2b43364-d50b-402e-8a29-d2a21191bbd9" />
      <TestMethod codeBase="C:\Users\punko\Downloads\PoMiniApps\tests\PoMiniApps.UnitTests\bin\Debug\net10.0\PoMiniApps.UnitTests.dll" adapterTypeName="executor://xunit/VsTestRunner3/netcore/" className="PoMiniApps.UnitTests.Services.NewsServiceTests" name="GetTopHeadlinesAsync_WithApiError_ReturnsFallbackTopics" />
    </UnitTest>
    <UnitTest name="PoMiniApps.UnitTests.Services.NewsServiceTests.GetTopHeadlinesAsync_RespectsCountParameter" storage="c:\users\punko\downloads\pominiapps\tests\pominiapps.unittests\bin\debug\net10.0\pominiapps.unittests.dll" id="e5697d8f-e8a9-4281-24bb-38ed5f8beb21">
      <Execution id="a7871e09-99e3-4712-8b43-7584fa88c60b" />
      <TestMethod codeBase="C:\Users\punko\Downloads\PoMiniApps\tests\PoMiniApps.UnitTests\bin\Debug\net10.0\PoMiniApps.UnitTests.dll" adapterTypeName="executor://xunit/VsTestRunner3/netcore/" className="PoMiniApps.UnitTests.Services.NewsServiceTests" name="GetTopHeadlinesAsync_RespectsCountParameter" />
    </UnitTest>
    <UnitTest name="PoMiniApps.UnitTests.Services.AzureOpenAIServiceTests.IsConfigured_WhenEndpointIsMissing_ReturnsFalse" storage="c:\users\punko\downloads\pominiapps\tests\pominiapps.unittests\bin\debug\net10.0\pominiapps.unittests.dll" id="8498db25-bd9c-ab2c-4237-10a7871c4242">
      <Execution id="102dfc0d-f620-47e2-b81a-ad6fe5ba5a38" />
      <TestMethod codeBase="C:\Users\punko\Downloads\PoMiniApps\tests\PoMiniApps.UnitTests\bin\Debug\net10.0\PoMiniApps.UnitTests.dll" adapterTypeName="executor://xunit/VsTestRunner3/netcore/" className="PoMiniApps.UnitTests.Services.AzureOpenAIServiceTests" name="IsConfigured_WhenEndpointIsMissing_ReturnsFalse" />
    </UnitTest>
    <UnitTest name="PoMiniApps.UnitTests.Services.NewsServiceTests.GetTopHeadlinesAsync_WithEmptyArticles_ReturnsFallbackTopics" storage="c:\users\punko\downloads\pominiapps\tests\pominiapps.unittests\bin\debug\net10.0\pominiapps.unittests.dll" id="df06af43-b76a-5217-52ab-37891eb91764">
      <Execution id="33d840c9-53fb-4504-b3ff-3ba39ebe6cb6" />
      <TestMethod codeBase="C:\Users\punko\Downloads\PoMiniApps\tests\PoMiniApps.UnitTests\bin\Debug\net10.0\PoMiniApps.UnitTests.dll" adapterTypeName="executor://xunit/VsTestRunner3/netcore/" className="PoMiniApps.UnitTests.Services.NewsServiceTests" name="GetTopHeadlinesAsync_WithEmptyArticles_ReturnsFallbackTopics" />
    </UnitTest>
    <UnitTest name="PoMiniApps.UnitTests.Services.AzureOpenAIServiceTests.IsConfigured_WhenEndpointAndKeyAreSet_ReturnsTrue" storage="c:\users\punko\downloads\pominiapps\tests\pominiapps.unittests\bin\debug\net10.0\pominiapps.unittests.dll" id="0d45ecb7-b4a3-9461-556f-462a273c7090">
      <Execution id="823eb349-8cc9-446a-86a9-cf7d8ec0df9a" />
      <TestMethod codeBase="C:\Users\punko\Downloads\PoMiniApps\tests\PoMiniApps.UnitTests\bin\Debug\net10.0\PoMiniApps.UnitTests.dll" adapterTypeName="executor://xunit/VsTestRunner3/netcore/" className="PoMiniApps.UnitTests.Services.AzureOpenAIServiceTests" name="IsConfigured_WhenEndpointAndKeyAreSet_ReturnsTrue" />
    </UnitTest>
    <UnitTest name="PoMiniApps.UnitTests.Services.AzureOpenAIServiceTests.GenerateDebateTurnAsync_WithUnconfiguredService_ThrowsInvalidOperationException" storage="c:\users\punko\downloads\pominiapps\tests\pominiapps.unittests\bin\debug\net10.0\pominiapps.unittests.dll" id="f7c8fd94-2e75-8817-0ec0-f32d9c631e35">
      <Execution id="7194c8c1-229d-4275-a5a4-88031d39fd3b" />
      <TestMethod codeBase="C:\Users\punko\Downloads\PoMiniApps\tests\PoMiniApps.UnitTests\bin\Debug\net10.0\PoMiniApps.UnitTests.dll" adapterTypeName="executor://xunit/VsTestRunner3/netcore/" className="PoMiniApps.UnitTests.Services.AzureOpenAIServiceTests" name="GenerateDebateTurnAsync_WithUnconfiguredService_ThrowsInvalidOperationException" />
    </UnitTest>
    <UnitTest name="PoMiniApps.UnitTests.Services.AzureOpenAIServiceTests.Constructor_WithMissingDeploymentName_UsesDefaultGpt4o" storage="c:\users\punko\downloads\pominiapps\tests\pominiapps.unittests\bin\debug\net10.0\pominiapps.unittests.dll" id="0c3360e6-513b-16d3-9cb7-4ef584cef2c7">
      <Execution id="fe66e354-f4b0-4baa-b5ac-8b5d3fe557dd" />
      <TestMethod codeBase="C:\Users\punko\Downloads\PoMiniApps\tests\PoMiniApps.UnitTests\bin\Debug\net10.0\PoMiniApps.UnitTests.dll" adapterTypeName="executor://xunit/VsTestRunner3/netcore/" className="PoMiniApps.UnitTests.Services.AzureOpenAIServiceTests" name="Constructor_WithMissingDeploymentName_UsesDefaultGpt4o" />
    </UnitTest>
    <UnitTest name="PoMiniApps.UnitTests.Services.DebateOrchestratorTests.CurrentState_Initially_IsEmpty" storage="c:\users\punko\downloads\pominiapps\tests\pominiapps.unittests\bin\debug\net10.0\pominiapps.unittests.dll" id="e407e186-7dc0-16c9-748e-b3b4ecc05b57">
      <Execution id="0ff1bd96-4691-42f8-b8c0-4f609be05b3c" />
      <TestMethod codeBase="C:\Users\punko\Downloads\PoMiniApps\tests\PoMiniApps.UnitTests\bin\Debug\net10.0\PoMiniApps.UnitTests.dll" adapterTypeName="executor://xunit/VsTestRunner3/netcore/" className="PoMiniApps.UnitTests.Services.DebateOrchestratorTests" name="CurrentState_Initially_IsEmpty" />
    </UnitTest>
    <UnitTest name="PoMiniApps.UnitTests.Services.AzureOpenAIServiceTests.Constructor_LogsWarningWhenNotConfigured" storage="c:\users\punko\downloads\pominiapps\tests\pominiapps.unittests\bin\debug\net10.0\pominiapps.unittests.dll" id="44385cc3-5833-4594-f707-9ea8691a0563">
      <Execution id="bcf4c8cb-98f5-4235-bd26-3b50461362f0" />
      <TestMethod codeBase="C:\Users\punko\Downloads\PoMiniApps\tests\PoMiniApps.UnitTests\bin\Debug\net10.0\PoMiniApps.UnitTests.dll" adapterTypeName="executor://xunit/VsTestRunner3/netcore/" className="PoMiniApps.UnitTests.Services.AzureOpenAIServiceTests" name="Constructor_LogsWarningWhenNotConfigured" />
    </UnitTest>
    <UnitTest name="PoMiniApps.UnitTests.Services.AzureOpenAIServiceTests.Constructor_WithMissingApiKey_MarksServiceAsUnconfigured" storage="c:\users\punko\downloads\pominiapps\tests\pominiapps.unittests\bin\debug\net10.0\pominiapps.unittests.dll" id="5bc39885-5eb0-62a9-1998-8ba3880befa0">
      <Execution id="1fafff72-b087-45aa-8b51-cd9594fef98e" />
      <TestMethod codeBase="C:\Users\punko\Downloads\PoMiniApps\tests\PoMiniApps.UnitTests\bin\Debug\net10.0\PoMiniApps.UnitTests.dll" adapterTypeName="executor://xunit/VsTestRunner3/netcore/" className="PoMiniApps.UnitTests.Services.AzureOpenAIServiceTests" name="Constructor_WithMissingApiKey_MarksServiceAsUnconfigured" />
    </UnitTest>
    <UnitTest name="PoMiniApps.UnitTests.Services.AzureOpenAIServiceTests.Constructor_WithNullConfiguration_MarksAsUnconfigured" storage="c:\users\punko\downloads\pominiapps\tests\pominiapps.unittests\bin\debug\net10.0\pominiapps.unittests.dll" id="ef69b8bc-1960-fcf4-4137-148f7649c3e6">
      <Execution id="9b1fc8bb-5687-49f0-b0ed-8dc775ffd26b" />
      <TestMethod codeBase="C:\Users\punko\Downloads\PoMiniApps\tests\PoMiniApps.UnitTests\bin\Debug\net10.0\PoMiniApps.UnitTests.dll" adapterTypeName="executor://xunit/VsTestRunner3/netcore/" className="PoMiniApps.UnitTests.Services.AzureOpenAIServiceTests" name="Constructor_WithNullConfiguration_MarksAsUnconfigured" />
    </UnitTest>
    <UnitTest name="PoMiniApps.UnitTests.Services.TranslationServiceTests.TranslateToVictorianEnglishAsync_WithWhitespaceInput_ThrowsArgumentException(input: &quot;   &quot;)" storage="c:\users\punko\downloads\pominiapps\tests\pominiapps.unittests\bin\debug\net10.0\pominiapps.unittests.dll" id="82db7cd3-a68d-7bc6-9342-91d3fcca38f0">
      <Execution id="ccc28a14-d98c-4787-a07c-4af5306369f1" />
      <TestMethod codeBase="C:\Users\punko\Downloads\PoMiniApps\tests\PoMiniApps.UnitTests\bin\Debug\net10.0\PoMiniApps.UnitTests.dll" adapterTypeName="executor://xunit/VsTestRunner3/netcore/" className="PoMiniApps.UnitTests.Services.TranslationServiceTests" name="TranslateToVictorianEnglishAsync_WithWhitespaceInput_ThrowsArgumentException" />
    </UnitTest>
    <UnitTest name="PoMiniApps.UnitTests.Services.SpeechConfigValidatorTests.IsValid_WithMissingSettings_ReturnsFalse(key: &quot;key&quot;, region: null)" storage="c:\users\punko\downloads\pominiapps\tests\pominiapps.unittests\bin\debug\net10.0\pominiapps.unittests.dll" id="8e9c2fce-f2a7-3320-3fc0-ba0fdf00951c">
      <Execution id="4cf61d56-d829-4ed9-932b-1c1395cbaa76" />
      <TestMethod codeBase="C:\Users\punko\Downloads\PoMiniApps\tests\PoMiniApps.UnitTests\bin\Debug\net10.0\PoMiniApps.UnitTests.dll" adapterTypeName="executor://xunit/VsTestRunner3/netcore/" className="PoMiniApps.UnitTests.Services.SpeechConfigValidatorTests" name="IsValid_WithMissingSettings_ReturnsFalse" />
    </UnitTest>
    <UnitTest name="PoMiniApps.UnitTests.Services.NewsServiceTests.GetTopHeadlinesAsync_WithValidApiKeyAndResponse_ReturnsNewsHeadlines" storage="c:\users\punko\downloads\pominiapps\tests\pominiapps.unittests\bin\debug\net10.0\pominiapps.unittests.dll" id="f54d7526-2684-ed1a-d7fc-fb757e62d496">
      <Execution id="1b49e003-f05a-4d62-b317-5fe713bdf107" />
      <TestMethod codeBase="C:\Users\punko\Downloads\PoMiniApps\tests\PoMiniApps.UnitTests\bin\Debug\net10.0\PoMiniApps.UnitTests.dll" adapterTypeName="executor://xunit/VsTestRunner3/netcore/" className="PoMiniApps.UnitTests.Services.NewsServiceTests" name="GetTopHeadlinesAsync_WithValidApiKeyAndResponse_ReturnsNewsHeadlines" />
    </UnitTest>
    <UnitTest name="PoMiniApps.UnitTests.Services.SpeechConfigValidatorTests.IsValid_WithMissingSettings_ReturnsFalse(key: null, region: &quot;eastus&quot;)" storage="c:\users\punko\downloads\pominiapps\tests\pominiapps.unittests\bin\debug\net10.0\pominiapps.unittests.dll" id="822ae26b-95d8-d817-b1d8-cd2082d3f86a">
      <Execution id="90beef00-7e37-40de-ac67-e54af4e249ff" />
      <TestMethod codeBase="C:\Users\punko\Downloads\PoMiniApps\tests\PoMiniApps.UnitTests\bin\Debug\net10.0\PoMiniApps.UnitTests.dll" adapterTypeName="executor://xunit/VsTestRunner3/netcore/" className="PoMiniApps.UnitTests.Services.SpeechConfigValidatorTests" name="IsValid_WithMissingSettings_ReturnsFalse" />
    </UnitTest>
    <UnitTest name="PoMiniApps.UnitTests.Services.InputValidatorTests.ValidateDebateInput_InvalidInput_ReturnsFailure(r1: &quot;r1&quot;, r2: null, topic: &quot;topic&quot;, expectedError: &quot;Rapper 2 must be selected.&quot;)" storage="c:\users\punko\downloads\pominiapps\tests\pominiapps.unittests\bin\debug\net10.0\pominiapps.unittests.dll" id="499f8bf2-da33-0493-8a16-159bf7a17541">
      <Execution id="67c8156d-576e-4e37-bc99-8c7765d3e79e" />
      <TestMethod codeBase="C:\Users\punko\Downloads\PoMiniApps\tests\PoMiniApps.UnitTests\bin\Debug\net10.0\PoMiniApps.UnitTests.dll" adapterTypeName="executor://xunit/VsTestRunner3/netcore/" className="PoMiniApps.UnitTests.Services.InputValidatorTests" name="ValidateDebateInput_InvalidInput_ReturnsFailure" />
    </UnitTest>
    <UnitTest name="PoMiniApps.UnitTests.Models.TopicExtensionsTests.GetEmoji_UnknownCategory_ReturnsMicrophone" storage="c:\users\punko\downloads\pominiapps\tests\pominiapps.unittests\bin\debug\net10.0\pominiapps.unittests.dll" id="7405e26e-c8bf-6b88-9087-7760bed08bd0">
      <Execution id="c35f828e-1294-4c4e-9a9c-e6ed68b409c0" />
      <TestMethod codeBase="C:\Users\punko\Downloads\PoMiniApps\tests\PoMiniApps.UnitTests\bin\Debug\net10.0\PoMiniApps.UnitTests.dll" adapterTypeName="executor://xunit/VsTestRunner3/netcore/" className="PoMiniApps.UnitTests.Models.TopicExtensionsTests" name="GetEmoji_UnknownCategory_ReturnsMicrophone" />
    </UnitTest>
    <UnitTest name="PoMiniApps.UnitTests.Services.InputValidatorTests.ValidateDebateInput_InvalidInput_ReturnsFailure(r1: &quot;r1&quot;, r2: &quot;r2&quot;, topic: null, expectedError: &quot;Topic must be selected.&quot;)" storage="c:\users\punko\downloads\pominiapps\tests\pominiapps.unittests\bin\debug\net10.0\pominiapps.unittests.dll" id="2a8a97e1-36f9-850b-d757-81822e07b08b">
      <Execution id="0e0b327e-d33c-4726-a7f5-f179c597e1a0" />
      <TestMethod codeBase="C:\Users\punko\Downloads\PoMiniApps\tests\PoMiniApps.UnitTests\bin\Debug\net10.0\PoMiniApps.UnitTests.dll" adapterTypeName="executor://xunit/VsTestRunner3/netcore/" className="PoMiniApps.UnitTests.Services.InputValidatorTests" name="ValidateDebateInput_InvalidInput_ReturnsFailure" />
    </UnitTest>
    <UnitTest name="PoMiniApps.UnitTests.Services.AzureOpenAIServiceTests.JudgeDebateAsync_WithUnconfiguredService_ThrowsInvalidOperationException" storage="c:\users\punko\downloads\pominiapps\tests\pominiapps.unittests\bin\debug\net10.0\pominiapps.unittests.dll" id="a6ab256b-9578-99fe-4196-e080e067ac24">
      <Execution id="22880a98-1405-45e3-aa32-acb417593f00" />
      <TestMethod codeBase="C:\Users\punko\Downloads\PoMiniApps\tests\PoMiniApps.UnitTests\bin\Debug\net10.0\PoMiniApps.UnitTests.dll" adapterTypeName="executor://xunit/VsTestRunner3/netcore/" className="PoMiniApps.UnitTests.Services.AzureOpenAIServiceTests" name="JudgeDebateAsync_WithUnconfiguredService_ThrowsInvalidOperationException" />
    </UnitTest>
    <UnitTest name="PoMiniApps.UnitTests.Services.TranslationCacheTests.DifferentKeys_ReturnIndependentResults" storage="c:\users\punko\downloads\pominiapps\tests\pominiapps.unittests\bin\debug\net10.0\pominiapps.unittests.dll" id="cc66e49d-e88e-d688-fcb3-65b2be2e44ae">
      <Execution id="b872334c-f64b-47e0-ac67-23a4798c80e1" />
      <TestMethod codeBase="C:\Users\punko\Downloads\PoMiniApps\tests\PoMiniApps.UnitTests\bin\Debug\net10.0\PoMiniApps.UnitTests.dll" adapterTypeName="executor://xunit/VsTestRunner3/netcore/" className="PoMiniApps.UnitTests.Services.TranslationCacheTests" name="DifferentKeys_ReturnIndependentResults" />
    </UnitTest>
    <UnitTest name="PoMiniApps.UnitTests.Services.TranslationServiceTests.TranslateToVictorianEnglishAsync_WithUnconfiguredService_ThrowsInvalidOperationException" storage="c:\users\punko\downloads\pominiapps\tests\pominiapps.unittests\bin\debug\net10.0\pominiapps.unittests.dll" id="dbbee53b-d16d-3fa1-449e-81921141ac4e">
      <Execution id="03246a5f-40af-455e-ba7f-98136fa5b987" />
      <TestMethod codeBase="C:\Users\punko\Downloads\PoMiniApps\tests\PoMiniApps.UnitTests\bin\Debug\net10.0\PoMiniApps.UnitTests.dll" adapterTypeName="executor://xunit/VsTestRunner3/netcore/" className="PoMiniApps.UnitTests.Services.TranslationServiceTests" name="TranslateToVictorianEnglishAsync_WithUnconfiguredService_ThrowsInvalidOperationException" />
    </UnitTest>
    <UnitTest name="PoMiniApps.UnitTests.Services.DebateOrchestratorTests.SignalAudioPlaybackComplete_CompletesWithoutError" storage="c:\users\punko\downloads\pominiapps\tests\pominiapps.unittests\bin\debug\net10.0\pominiapps.unittests.dll" id="e49d49b9-c00f-f1d5-202f-fe2d6f0a2446">
      <Execution id="b3802a6e-8406-4356-83e7-703a8f3cddad" />
      <TestMethod codeBase="C:\Users\punko\Downloads\PoMiniApps\tests\PoMiniApps.UnitTests\bin\Debug\net10.0\PoMiniApps.UnitTests.dll" adapterTypeName="executor://xunit/VsTestRunner3/netcore/" className="PoMiniApps.UnitTests.Services.DebateOrchestratorTests" name="SignalAudioPlaybackComplete_CompletesWithoutError" />
    </UnitTest>
    <UnitTest name="PoMiniApps.UnitTests.Services.InputValidatorTests.ValidateTranslationInput_EmptyText_ReturnsFailure" storage="c:\users\punko\downloads\pominiapps\tests\pominiapps.unittests\bin\debug\net10.0\pominiapps.unittests.dll" id="462f505f-7488-6361-0cb3-0d9fb08f7453">
      <Execution id="75bd4931-a648-48c2-b20a-249b206c2e11" />
      <TestMethod codeBase="C:\Users\punko\Downloads\PoMiniApps\tests\PoMiniApps.UnitTests\bin\Debug\net10.0\PoMiniApps.UnitTests.dll" adapterTypeName="executor://xunit/VsTestRunner3/netcore/" className="PoMiniApps.UnitTests.Services.InputValidatorTests" name="ValidateTranslationInput_EmptyText_ReturnsFailure" />
    </UnitTest>
    <UnitTest name="PoMiniApps.UnitTests.Services.InputValidatorTests.ValidateTranslationInput_TooLongText_ReturnsFailure" storage="c:\users\punko\downloads\pominiapps\tests\pominiapps.unittests\bin\debug\net10.0\pominiapps.unittests.dll" id="d1fe0ea3-5735-2d1f-3efd-c0340e4b90ab">
      <Execution id="4a3c9bf1-4c04-4184-8df8-f4f5dc825a93" />
      <TestMethod codeBase="C:\Users\punko\Downloads\PoMiniApps\tests\PoMiniApps.UnitTests\bin\Debug\net10.0\PoMiniApps.UnitTests.dll" adapterTypeName="executor://xunit/VsTestRunner3/netcore/" className="PoMiniApps.UnitTests.Services.InputValidatorTests" name="ValidateTranslationInput_TooLongText_ReturnsFailure" />
    </UnitTest>
    <UnitTest name="PoMiniApps.UnitTests.Models.TopicExtensionsTests.GetColor_Food_ReturnsOrange" storage="c:\users\punko\downloads\pominiapps\tests\pominiapps.unittests\bin\debug\net10.0\pominiapps.unittests.dll" id="8550f357-2f1f-5ef7-0ea7-82033613f963">
      <Execution id="009be317-c6fe-490d-9617-ae10c474336d" />
      <TestMethod codeBase="C:\Users\punko\Downloads\PoMiniApps\tests\PoMiniApps.UnitTests\bin\Debug\net10.0\PoMiniApps.UnitTests.dll" adapterTypeName="executor://xunit/VsTestRunner3/netcore/" className="PoMiniApps.UnitTests.Models.TopicExtensionsTests" name="GetColor_Food_ReturnsOrange" />
    </UnitTest>
    <UnitTest name="PoMiniApps.UnitTests.Services.InputValidatorTests.ValidateDebateInput_ValidInput_ReturnsSuccess" storage="c:\users\punko\downloads\pominiapps\tests\pominiapps.unittests\bin\debug\net10.0\pominiapps.unittests.dll" id="df59eb04-f405-f8ef-82bc-318afac88c8a">
      <Execution id="6a944eba-cc0e-4383-a5b4-c6db7a2a8c3d" />
      <TestMethod codeBase="C:\Users\punko\Downloads\PoMiniApps\tests\PoMiniApps.UnitTests\bin\Debug\net10.0\PoMiniApps.UnitTests.dll" adapterTypeName="executor://xunit/VsTestRunner3/netcore/" className="PoMiniApps.UnitTests.Services.InputValidatorTests" name="ValidateDebateInput_ValidInput_ReturnsSuccess" />
    </UnitTest>
    <UnitTest name="PoMiniApps.UnitTests.Services.TranslationServiceTests.TranslateToVictorianEnglishAsync_WithCachedTranslation_ReturnsCachedResult" storage="c:\users\punko\downloads\pominiapps\tests\pominiapps.unittests\bin\debug\net10.0\pominiapps.unittests.dll" id="8b0c3aa3-98e1-264b-4c5f-a24dbcab476c">
      <Execution id="4db7be81-b5aa-4281-98c5-4d9f30e7e712" />
      <TestMethod codeBase="C:\Users\punko\Downloads\PoMiniApps\tests\PoMiniApps.UnitTests\bin\Debug\net10.0\PoMiniApps.UnitTests.dll" adapterTypeName="executor://xunit/VsTestRunner3/netcore/" className="PoMiniApps.UnitTests.Services.TranslationServiceTests" name="TranslateToVictorianEnglishAsync_WithCachedTranslation_ReturnsCachedResult" />
    </UnitTest>
    <UnitTest name="PoMiniApps.UnitTests.Factories.DebateStateFactoryTests.CreateEmpty_ReturnsDefaultState" storage="c:\users\punko\downloads\pominiapps\tests\pominiapps.unittests\bin\debug\net10.0\pominiapps.unittests.dll" id="69b70b26-e580-f69b-680b-80b9e0611bc4">
      <Execution id="c955ae93-c7af-4c1c-bbcc-34b822838064" />
      <TestMethod codeBase="C:\Users\punko\Downloads\PoMiniApps\tests\PoMiniApps.UnitTests\bin\Debug\net10.0\PoMiniApps.UnitTests.dll" adapterTypeName="executor://xunit/VsTestRunner3/netcore/" className="PoMiniApps.UnitTests.Factories.DebateStateFactoryTests" name="CreateEmpty_ReturnsDefaultState" />
    </UnitTest>
    <UnitTest name="PoMiniApps.UnitTests.Services.SpeechConfigValidatorTests.IsValid_WithMissingSettings_ReturnsFalse(key: &quot;&quot;, region: &quot;eastus&quot;)" storage="c:\users\punko\downloads\pominiapps\tests\pominiapps.unittests\bin\debug\net10.0\pominiapps.unittests.dll" id="fda9b929-d86b-aaa8-589f-d4f3ac62b530">
      <Execution id="fdee600c-52c3-4593-a594-e72141d21ee4" />
      <TestMethod codeBase="C:\Users\punko\Downloads\PoMiniApps\tests\PoMiniApps.UnitTests\bin\Debug\net10.0\PoMiniApps.UnitTests.dll" adapterTypeName="executor://xunit/VsTestRunner3/netcore/" className="PoMiniApps.UnitTests.Services.SpeechConfigValidatorTests" name="IsValid_WithMissingSettings_ReturnsFalse" />
    </UnitTest>
    <UnitTest name="PoMiniApps.UnitTests.Services.TranslationServiceTests.Constructor_WithMissingConfiguration_MarksServiceAsUnconfigured" storage="c:\users\punko\downloads\pominiapps\tests\pominiapps.unittests\bin\debug\net10.0\pominiapps.unittests.dll" id="05291252-2d2e-682c-dbaf-0a0c1c816859">
      <Execution id="d2667782-86d8-4872-ba75-0008f1a06c6e" />
      <TestMethod codeBase="C:\Users\punko\Downloads\PoMiniApps\tests\PoMiniApps.UnitTests\bin\Debug\net10.0\PoMiniApps.UnitTests.dll" adapterTypeName="executor://xunit/VsTestRunner3/netcore/" className="PoMiniApps.UnitTests.Services.TranslationServiceTests" name="Constructor_WithMissingConfiguration_MarksServiceAsUnconfigured" />
    </UnitTest>
    <UnitTest name="PoMiniApps.UnitTests.Services.SpeechConfigValidatorTests.IsValid_WithMissingSettings_ReturnsFalse(key: &quot;key&quot;, region: &quot;&quot;)" storage="c:\users\punko\downloads\pominiapps\tests\pominiapps.unittests\bin\debug\net10.0\pominiapps.unittests.dll" id="977b9de4-e6a1-1474-daf7-73d41c76bc34">
      <Execution id="83cfb27e-8dbf-49b4-a755-a6890e8831cf" />
      <TestMethod codeBase="C:\Users\punko\Downloads\PoMiniApps\tests\PoMiniApps.UnitTests\bin\Debug\net10.0\PoMiniApps.UnitTests.dll" adapterTypeName="executor://xunit/VsTestRunner3/netcore/" className="PoMiniApps.UnitTests.Services.SpeechConfigValidatorTests" name="IsValid_WithMissingSettings_ReturnsFalse" />
    </UnitTest>
    <UnitTest name="PoMiniApps.UnitTests.Factories.DebateStateFactoryTests.CreateForNewDebate_SetsCorrectState" storage="c:\users\punko\downloads\pominiapps\tests\pominiapps.unittests\bin\debug\net10.0\pominiapps.unittests.dll" id="0ec3e7ce-d462-a658-a722-8a1b85f7d09c">
      <Execution id="ebba7815-d6b3-4d24-804f-23255af056dd" />
      <TestMethod codeBase="C:\Users\punko\Downloads\PoMiniApps\tests\PoMiniApps.UnitTests\bin\Debug\net10.0\PoMiniApps.UnitTests.dll" adapterTypeName="executor://xunit/VsTestRunner3/netcore/" className="PoMiniApps.UnitTests.Factories.DebateStateFactoryTests" name="CreateForNewDebate_SetsCorrectState" />
    </UnitTest>
    <UnitTest name="PoMiniApps.UnitTests.Services.TranslationServiceTests.TranslateToVictorianEnglishAsync_WithEmptyInput_ThrowsArgumentException" storage="c:\users\punko\downloads\pominiapps\tests\pominiapps.unittests\bin\debug\net10.0\pominiapps.unittests.dll" id="24fd9bff-059c-6639-1eb9-6753d345b06b">
      <Execution id="eb1b6f20-fed0-409b-9509-d644c1df926b" />
      <TestMethod codeBase="C:\Users\punko\Downloads\PoMiniApps\tests\PoMiniApps.UnitTests\bin\Debug\net10.0\PoMiniApps.UnitTests.dll" adapterTypeName="executor://xunit/VsTestRunner3/netcore/" className="PoMiniApps.UnitTests.Services.TranslationServiceTests" name="TranslateToVictorianEnglishAsync_WithEmptyInput_ThrowsArgumentException" />
    </UnitTest>
  </TestDefinitions>
  <TestEntries>
    <TestEntry testId="8550f357-2f1f-5ef7-0ea7-82033613f963" executionId="009be317-c6fe-490d-9617-ae10c474336d" testListId="8c84fa94-04c1-424b-9868-57a2d4851a1d" />
    <TestEntry testId="e79f8d2e-fb60-d623-db56-368efd16eb93" executionId="dd9f5750-9d82-43d6-828f-be806a132624" testListId="8c84fa94-04c1-424b-9868-57a2d4851a1d" />
    <TestEntry testId="8498db25-bd9c-ab2c-4237-10a7871c4242" executionId="102dfc0d-f620-47e2-b81a-ad6fe5ba5a38" testListId="8c84fa94-04c1-424b-9868-57a2d4851a1d" />
    <TestEntry testId="499f8bf2-da33-0493-8a16-159bf7a17541" executionId="67c8156d-576e-4e37-bc99-8c7765d3e79e" testListId="8c84fa94-04c1-424b-9868-57a2d4851a1d" />
    <TestEntry testId="2a8a97e1-36f9-850b-d757-81822e07b08b" executionId="0e0b327e-d33c-4726-a7f5-f179c597e1a0" testListId="8c84fa94-04c1-424b-9868-57a2d4851a1d" />
    <TestEntry testId="b53971b8-8fed-d792-a0de-52e2378ba12f" executionId="ebec5991-5add-4395-bcb0-23354e13a849" testListId="8c84fa94-04c1-424b-9868-57a2d4851a1d" />
    <TestEntry testId="fda9b929-d86b-aaa8-589f-d4f3ac62b530" executionId="fdee600c-52c3-4593-a594-e72141d21ee4" testListId="8c84fa94-04c1-424b-9868-57a2d4851a1d" />
    <TestEntry testId="822ae26b-95d8-d817-b1d8-cd2082d3f86a" executionId="90beef00-7e37-40de-ac67-e54af4e249ff" testListId="8c84fa94-04c1-424b-9868-57a2d4851a1d" />
    <TestEntry testId="f54d7526-2684-ed1a-d7fc-fb757e62d496" executionId="1b49e003-f05a-4d62-b317-5fe713bdf107" testListId="8c84fa94-04c1-424b-9868-57a2d4851a1d" />
    <TestEntry testId="8e9c2fce-f2a7-3320-3fc0-ba0fdf00951c" executionId="4cf61d56-d829-4ed9-932b-1c1395cbaa76" testListId="8c84fa94-04c1-424b-9868-57a2d4851a1d" />
    <TestEntry testId="b56927ed-7aab-57fb-b105-bb9e9379a94d" executionId="1e4e0028-ad42-4a63-81f0-09946f3d6c31" testListId="8c84fa94-04c1-424b-9868-57a2d4851a1d" />
    <TestEntry testId="e7ea4f71-b273-f0a3-2523-8a87e7be8c86" executionId="3d45cbb0-f332-4ff0-b549-85af25919e95" testListId="8c84fa94-04c1-424b-9868-57a2d4851a1d" />
    <TestEntry testId="5c0012e8-9326-4293-b9ff-6e13dd1a881c" executionId="7d77e819-5822-4df7-9933-832afc25bba1" testListId="8c84fa94-04c1-424b-9868-57a2d4851a1d" />
    <TestEntry testId="462f505f-7488-6361-0cb3-0d9fb08f7453" executionId="75bd4931-a648-48c2-b20a-249b206c2e11" testListId="8c84fa94-04c1-424b-9868-57a2d4851a1d" />
    <TestEntry testId="e5697d8f-e8a9-4281-24bb-38ed5f8beb21" executionId="a7871e09-99e3-4712-8b43-7584fa88c60b" testListId="8c84fa94-04c1-424b-9868-57a2d4851a1d" />
    <TestEntry testId="69b70b26-e580-f69b-680b-80b9e0611bc4" executionId="c955ae93-c7af-4c1c-bbcc-34b822838064" testListId="8c84fa94-04c1-424b-9868-57a2d4851a1d" />
    <TestEntry testId="44385cc3-5833-4594-f707-9ea8691a0563" executionId="bcf4c8cb-98f5-4235-bd26-3b50461362f0" testListId="8c84fa94-04c1-424b-9868-57a2d4851a1d" />
    <TestEntry testId="ad73070d-06fb-029e-b085-4d7fe577322d" executionId="0defa96e-c08a-4669-82ee-f00e66783f0e" testListId="8c84fa94-04c1-424b-9868-57a2d4851a1d" />
    <TestEntry testId="e407e186-7dc0-16c9-748e-b3b4ecc05b57" executionId="0ff1bd96-4691-42f8-b8c0-4f609be05b3c" testListId="8c84fa94-04c1-424b-9868-57a2d4851a1d" />
    <TestEntry testId="9bf1a2f0-0112-7ed2-1daa-24d529555159" executionId="9bc2c06f-0b23-46c5-82e8-257c3ff02c14" testListId="8c84fa94-04c1-424b-9868-57a2d4851a1d" />
    <TestEntry testId="ef69b8bc-1960-fcf4-4137-148f7649c3e6" executionId="9b1fc8bb-5687-49f0-b0ed-8dc775ffd26b" testListId="8c84fa94-04c1-424b-9868-57a2d4851a1d" />
    <TestEntry testId="0ec3e7ce-d462-a658-a722-8a1b85f7d09c" executionId="ebba7815-d6b3-4d24-804f-23255af056dd" testListId="8c84fa94-04c1-424b-9868-57a2d4851a1d" />
    <TestEntry testId="78634e16-6289-1c86-63be-eadcf7b738a3" executionId="906c8291-3b63-4f29-a1a3-21c39b55fecf" testListId="8c84fa94-04c1-424b-9868-57a2d4851a1d" />
    <TestEntry testId="82db7cd3-a68d-7bc6-9342-91d3fcca38f0" executionId="ccc28a14-d98c-4787-a07c-4af5306369f1" testListId="8c84fa94-04c1-424b-9868-57a2d4851a1d" />
    <TestEntry testId="9d849e1d-b4d5-e9ac-1e69-984d09141cb8" executionId="302bba65-d8b3-4c34-a938-cd0ef3d719c1" testListId="8c84fa94-04c1-424b-9868-57a2d4851a1d" />
    <TestEntry testId="c1024551-f10c-efe4-3ecd-df19585920b9" executionId="9777a042-d7a8-49bd-94e9-38b1e5b0bfed" testListId="8c84fa94-04c1-424b-9868-57a2d4851a1d" />
    <TestEntry testId="8c86d636-edbd-05d1-6580-9a08ac12d6f2" executionId="8fd8469f-90cd-407f-93bc-cb51c90c60b7" testListId="8c84fa94-04c1-424b-9868-57a2d4851a1d" />
    <TestEntry testId="d1fe0ea3-5735-2d1f-3efd-c0340e4b90ab" executionId="4a3c9bf1-4c04-4184-8df8-f4f5dc825a93" testListId="8c84fa94-04c1-424b-9868-57a2d4851a1d" />
    <TestEntry testId="b7b5e1c2-1947-472a-6280-213d226fd54b" executionId="1c718c91-cdf6-4e31-a04d-35b87f4c1963" testListId="8c84fa94-04c1-424b-9868-57a2d4851a1d" />
    <TestEntry testId="4021208c-fd07-dae3-df4c-0355737d5369" executionId="5ad94cb1-398a-46b4-9e5c-136425262030" testListId="8c84fa94-04c1-424b-9868-57a2d4851a1d" />
    <TestEntry testId="d8cc787c-5609-320b-b193-f187ae5733ed" executionId="adae94bc-b859-4137-9ec4-7a79e469ed83" testListId="8c84fa94-04c1-424b-9868-57a2d4851a1d" />
    <TestEntry testId="df59eb04-f405-f8ef-82bc-318afac88c8a" executionId="6a944eba-cc0e-4383-a5b4-c6db7a2a8c3d" testListId="8c84fa94-04c1-424b-9868-57a2d4851a1d" />
    <TestEntry testId="05291252-2d2e-682c-dbaf-0a0c1c816859" executionId="d2667782-86d8-4872-ba75-0008f1a06c6e" testListId="8c84fa94-04c1-424b-9868-57a2d4851a1d" />
    <TestEntry testId="0d45ecb7-b4a3-9461-556f-462a273c7090" executionId="823eb349-8cc9-446a-86a9-cf7d8ec0df9a" testListId="8c84fa94-04c1-424b-9868-57a2d4851a1d" />
    <TestEntry testId="df06af43-b76a-5217-52ab-37891eb91764" executionId="33d840c9-53fb-4504-b3ff-3ba39ebe6cb6" testListId="8c84fa94-04c1-424b-9868-57a2d4851a1d" />
    <TestEntry testId="0c3360e6-513b-16d3-9cb7-4ef584cef2c7" executionId="fe66e354-f4b0-4baa-b5ac-8b5d3fe557dd" testListId="8c84fa94-04c1-424b-9868-57a2d4851a1d" />
    <TestEntry testId="5bc39885-5eb0-62a9-1998-8ba3880befa0" executionId="1fafff72-b087-45aa-8b51-cd9594fef98e" testListId="8c84fa94-04c1-424b-9868-57a2d4851a1d" />
    <TestEntry testId="8b0c3aa3-98e1-264b-4c5f-a24dbcab476c" executionId="4db7be81-b5aa-4281-98c5-4d9f30e7e712" testListId="8c84fa94-04c1-424b-9868-57a2d4851a1d" />
    <TestEntry testId="136e952e-31fd-20c3-87b4-a18250a8d512" executionId="786dfa3e-c12b-4353-a6da-f9a5d9d845b1" testListId="8c84fa94-04c1-424b-9868-57a2d4851a1d" />
    <TestEntry testId="11043109-23d2-5a32-2c06-240a9075733c" executionId="19288ec2-748f-43e5-b931-12daf675c8bb" testListId="8c84fa94-04c1-424b-9868-57a2d4851a1d" />
    <TestEntry testId="24fd9bff-059c-6639-1eb9-6753d345b06b" executionId="eb1b6f20-fed0-409b-9509-d644c1df926b" testListId="8c84fa94-04c1-424b-9868-57a2d4851a1d" />
    <TestEntry testId="cc66e49d-e88e-d688-fcb3-65b2be2e44ae" executionId="b872334c-f64b-47e0-ac67-23a4798c80e1" testListId="8c84fa94-04c1-424b-9868-57a2d4851a1d" />
    <TestEntry testId="4dce36a7-717c-c532-b928-1a44c9cf6e79" executionId="6485a328-7a83-4336-8fed-bf206eed1389" testListId="8c84fa94-04c1-424b-9868-57a2d4851a1d" />
    <TestEntry testId="7405e26e-c8bf-6b88-9087-7760bed08bd0" executionId="c35f828e-1294-4c4e-9a9c-e6ed68b409c0" testListId="8c84fa94-04c1-424b-9868-57a2d4851a1d" />
    <TestEntry testId="f7c8fd94-2e75-8817-0ec0-f32d9c631e35" executionId="7194c8c1-229d-4275-a5a4-88031d39fd3b" testListId="8c84fa94-04c1-424b-9868-57a2d4851a1d" />
    <TestEntry testId="0582dda6-5c65-77b3-0c6b-84c736a81118" executionId="99c07db6-dbbd-4600-aa54-8103ec9e50bd" testListId="8c84fa94-04c1-424b-9868-57a2d4851a1d" />
    <TestEntry testId="a6ab256b-9578-99fe-4196-e080e067ac24" executionId="22880a98-1405-45e3-aa32-acb417593f00" testListId="8c84fa94-04c1-424b-9868-57a2d4851a1d" />
    <TestEntry testId="e49d49b9-c00f-f1d5-202f-fe2d6f0a2446" executionId="b3802a6e-8406-4356-83e7-703a8f3cddad" testListId="8c84fa94-04c1-424b-9868-57a2d4851a1d" />
    <TestEntry testId="0f7ee15d-bcf1-7607-2f18-187edea98c27" executionId="008d607a-7126-4b12-8052-158f37d1322c" testListId="8c84fa94-04c1-424b-9868-57a2d4851a1d" />
    <TestEntry testId="00694e42-4b5c-1434-ef51-97e2589d77c1" executionId="4068d707-73c6-4d71-8b2e-40be132d27b3" testListId="8c84fa94-04c1-424b-9868-57a2d4851a1d" />
    <TestEntry testId="fa1a9ff3-0bd7-09c9-d906-bc48234d306e" executionId="e087234d-a77b-429b-bf4e-c8040c44dda3" testListId="8c84fa94-04c1-424b-9868-57a2d4851a1d" />
    <TestEntry testId="9780e51e-4162-32d2-e6b6-f947a62b20d4" executionId="2820e52a-8fe8-41bc-901d-ab8e1ed5bd21" testListId="8c84fa94-04c1-424b-9868-57a2d4851a1d" />
    <TestEntry testId="e5c8260f-d6a7-1310-5f15-9d9b07b56bde" executionId="ee22c02d-8e68-439a-aae8-6ef9f48f058c" testListId="8c84fa94-04c1-424b-9868-57a2d4851a1d" />
    <TestEntry testId="e2cf4922-1262-0409-fedd-695f6e0290e6" executionId="c2b43364-d50b-402e-8a29-d2a21191bbd9" testListId="8c84fa94-04c1-424b-9868-57a2d4851a1d" />
    <TestEntry testId="977b9de4-e6a1-1474-daf7-73d41c76bc34" executionId="83cfb27e-8dbf-49b4-a755-a6890e8831cf" testListId="8c84fa94-04c1-424b-9868-57a2d4851a1d" />
    <TestEntry testId="dbbee53b-d16d-3fa1-449e-81921141ac4e" executionId="03246a5f-40af-455e-ba7f-98136fa5b987" testListId="8c84fa94-04c1-424b-9868-57a2d4851a1d" />
  </TestEntries>
  <TestLists>
    <TestList name="Results Not in a List" id="8c84fa94-04c1-424b-9868-57a2d4851a1d" />
    <TestList name="All Loaded Results" id="19431567-8539-422a-85d7-44ee4e166bda" />
  </TestLists>
  <ResultSummary outcome="Completed">
    <Counters total="56" executed="56" passed="56" failed="0" error="0" timeout="0" aborted="0" inconclusive="0" passedButRunAborted="0" notRunnable="0" notExecuted="0" disconnected="0" warning="0" completed="0" inProgress="0" pending="0" />
    <Output>
      <StdOut>[xUnit.net 00:00:00.00] xUnit.net VSTest Adapter v3.1.5+1b188a7b0a (64-bit .NET 10.0.3)&#xD;
[xUnit.net 00:00:04.86]   Discovering: PoMiniApps.UnitTests&#xD;
[xUnit.net 00:00:05.04]   Discovered:  PoMiniApps.UnitTests&#xD;
[xUnit.net 00:00:05.19]   Starting:    PoMiniApps.UnitTests&#xD;
[xUnit.net 00:00:07.44]   Finished:    PoMiniApps.UnitTests (ID = 'b94966b315289ee5e8170b8b1f8f853f6d42a4c9f2d6f562d4dceafa382d1587')&#xD;
</StdOut>
    </Output>
  </ResultSummary>
</TestRun>